2025-11-13 13:17:54,669 - INFO - ================================================================================
2025-11-13 13:17:54,669 - INFO - ğŸš€ å¼€å§‹SRAè½¬FASTQè½¬æ¢æµç¨‹ | Starting SRA to FASTQ Conversion Pipeline
2025-11-13 13:17:54,669 - INFO - ================================================================================
2025-11-13 13:17:54,669 - INFO - ğŸ” æ£€æŸ¥ä¾èµ–è½¯ä»¶ | Checking dependencies
2025-11-13 13:17:55,937 - INFO - âœ… parallel-fastq-dump å¯ç”¨ (æ¨è) | available (recommended)
2025-11-13 13:17:55,937 - INFO -    ç‰ˆæœ¬ | Version: fastq-dump : 3.2.1

parallel-fastq-dump : 0.6.7
2025-11-13 13:17:55,957 - INFO - âœ… fastq-dump å¯ç”¨ (å¤‡é€‰) | available (fallback)
2025-11-13 13:17:55,957 - INFO - ğŸ“‹ è½¬æ¢é…ç½® | Conversion Configuration:
2025-11-13 13:17:55,957 - INFO -   è¾“å…¥è·¯å¾„ | Input: /share/org/YZWL/yzwl_lixg/project/21.é‡ç”Ÿå¤§è±†ç¾¤ä½“/01.data/raw/ç¬¬å››æ‰¹/sra
2025-11-13 13:17:55,957 - INFO -   è¾“å‡ºç›®å½• | Output: /share/org/YZWL/yzwl_lixg/project/21.é‡ç”Ÿå¤§è±†ç¾¤ä½“/01.data/raw/ç¬¬å››æ‰¹/fastq
2025-11-13 13:17:55,957 - INFO -   æ–‡ä»¶æ•°é‡ | Files: 56
2025-11-13 13:17:55,957 - INFO -   è½¬æ¢å·¥å…· | Tool: parallel-fastq-dump âš¡ (æ¨è)
2025-11-13 13:17:55,957 - INFO -   çº¿ç¨‹æ•° | Threads: 80
2025-11-13 13:17:55,957 - INFO -   å‹ç¼©è¾“å‡º | Compress: True
2025-11-13 13:17:55,958 - INFO - ğŸ”„ å¼€å§‹æ‰¹é‡è½¬æ¢ | Starting batch conversion...
2025-11-13 13:17:55,958 - INFO - ğŸ“Š å…±æ‰¾åˆ° 56 ä¸ªSRAæ–‡ä»¶ | Found 56 SRA files
2025-11-13 13:17:55,958 - INFO - ğŸ”„ æ€»è¿›åº¦ | Overall Progress: [1/56]
2025-11-13 13:17:55,958 - INFO - ============================================================
2025-11-13 13:17:55,958 - INFO - ğŸ“¦ å¤„ç†æ–‡ä»¶ | Processing file: ERR3184267
2025-11-13 13:17:55,958 - INFO - ============================================================
2025-11-13 13:17:55,958 - INFO - ğŸ”§ ä½¿ç”¨å·¥å…· | Using tool: parallel-fastq-dump (å¤šçº¿ç¨‹åŠ é€Ÿ) | (multi-threaded)
2025-11-13 13:17:55,958 - INFO - ğŸ§µ çº¿ç¨‹æ•° | Threads: 80
2025-11-13 13:17:55,958 - INFO - ğŸš€ æ‰§è¡Œæ­¥éª¤ | Executing step: è½¬æ¢SRAæ–‡ä»¶ | Converting SRA file: ERR3184267
2025-11-13 13:17:55,958 - INFO - ğŸ“‹ å‘½ä»¤ | Command: parallel-fastq-dump --sra-id /share/org/YZWL/yzwl_lixg/project/21.é‡ç”Ÿå¤§è±†ç¾¤ä½“/01.data/raw/ç¬¬å››æ‰¹/sra/ERR3184267 --threads 80 --outdir /share/org/YZWL/yzwl_lixg/project/21.é‡ç”Ÿå¤§è±†ç¾¤ä½“/01.data/raw/ç¬¬å››æ‰¹/fastq --split-files --gzip --skip-technical
2025-11-13 13:17:56,102 - ERROR - âŒ å‘½ä»¤æ‰§è¡Œå¤±è´¥ | Command execution failed: è½¬æ¢SRAæ–‡ä»¶ | Converting SRA file: ERR3184267
2025-11-13 13:17:56,102 - ERROR - é”™è¯¯ä»£ç  | Error code: 1
2025-11-13 13:17:56,102 - ERROR - é”™è¯¯ä¿¡æ¯ | Error message: 2025-11-13 13:17:55,989 - SRR ids: ['/share/org/YZWL/yzwl_lixg/project/21.é‡ç”Ÿå¤§è±†ç¾¤ä½“/01.data/raw/ç¬¬å››æ‰¹/sra/ERR3184267']
2025-11-13 13:17:55,989 - extra args: ['--split-files', '--gzip', '--skip-technical']
2025-11-13 13:17:55,989 - tempdir: /tmp/pfd_yncc8asr
2025-11-13 13:17:55,989 - CMD: sra-stat --meta --quick /share/org/YZWL/yzwl_lixg/project/21.é‡ç”Ÿå¤§è±†ç¾¤ä½“/01.data/raw/ç¬¬å››æ‰¹/sra/ERR3184267
Traceback (most recent call last):
  File "/share/org/YZWL/yzwl_lixg/.local/bin/parallel-fastq-dump", line 116, in get_spot_count
    total += int(l.split('|')[2].split(':')[0])
                 ~~~~~~~~~~~~^^^
IndexError: list index out of range

During handling of the above exception, another exception occurred:

Traceback (most recent call last):
  File "/share/org/YZWL/yzwl_lixg/.local/bin/parallel-fastq-dump", line 181, in <module>
    main()
    ~~~~^^
  File "/share/org/YZWL/yzwl_lixg/.local/bin/parallel-fastq-dump", line 175, in main
    pfd(args, si, extra_args)
    ~~~^^^^^^^^^^^^^^^^^^^^^^
  File "/share/org/YZWL/yzwl_lixg/.local/bin/parallel-fastq-dump", line 49, in pfd
    n_spots = get_spot_count(srr_id)
  File "/share/org/YZWL/yzwl_lixg/.local/bin/parallel-fastq-dump", line 122, in get_spot_count
    raise IndexError(msg.format('\n'.join(txt), '\n'.join(etxt)))
IndexError: sra-stat output parsing error!
--sra-stat STDOUT--

--sra-stat STDERR--
2025-11-13T05:17:56 sra-stat.3.2.1 int: path incorrect while opening manager within database module - '/share/org/YZWL/yzwl_lixg/project/21.é‡ç”Ÿå¤§è±†ç¾¤ä½“/01.data/raw/ç¬¬å››æ‰¹/sra/ERR3184267'

2025-11-13 13:17:56,105 - ERROR - âŒ å¤±è´¥ | Failed: ERR3184267
2025-11-13 13:17:56,105 - INFO - ğŸ”„ æ€»è¿›åº¦ | Overall Progress: [2/56]
2025-11-13 13:17:56,105 - INFO - ============================================================
2025-11-13 13:17:56,105 - INFO - ğŸ“¦ å¤„ç†æ–‡ä»¶ | Processing file: ERR3184268
2025-11-13 13:17:56,105 - INFO - ============================================================
2025-11-13 13:17:56,105 - INFO - ğŸ”§ ä½¿ç”¨å·¥å…· | Using tool: parallel-fastq-dump (å¤šçº¿ç¨‹åŠ é€Ÿ) | (multi-threaded)
2025-11-13 13:17:56,105 - INFO - ğŸ§µ çº¿ç¨‹æ•° | Threads: 80
2025-11-13 13:17:56,105 - INFO - ğŸš€ æ‰§è¡Œæ­¥éª¤ | Executing step: è½¬æ¢SRAæ–‡ä»¶ | Converting SRA file: ERR3184268
2025-11-13 13:17:56,106 - INFO - ğŸ“‹ å‘½ä»¤ | Command: parallel-fastq-dump --sra-id /share/org/YZWL/yzwl_lixg/project/21.é‡ç”Ÿå¤§è±†ç¾¤ä½“/01.data/raw/ç¬¬å››æ‰¹/sra/ERR3184268 --threads 80 --outdir /share/org/YZWL/yzwl_lixg/project/21.é‡ç”Ÿå¤§è±†ç¾¤ä½“/01.data/raw/ç¬¬å››æ‰¹/fastq --split-files --gzip --skip-technical
2025-11-13 13:17:56,168 - ERROR - âŒ å‘½ä»¤æ‰§è¡Œå¤±è´¥ | Command execution failed: è½¬æ¢SRAæ–‡ä»¶ | Converting SRA file: ERR3184268
2025-11-13 13:17:56,168 - ERROR - é”™è¯¯ä»£ç  | Error code: 1
2025-11-13 13:17:56,168 - ERROR - é”™è¯¯ä¿¡æ¯ | Error message: 2025-11-13 13:17:56,136 - SRR ids: ['/share/org/YZWL/yzwl_lixg/project/21.é‡ç”Ÿå¤§è±†ç¾¤ä½“/01.data/raw/ç¬¬å››æ‰¹/sra/ERR3184268']
2025-11-13 13:17:56,137 - extra args: ['--split-files', '--gzip', '--skip-technical']
2025-11-13 13:17:56,137 - tempdir: /tmp/pfd_ijsyvcmk
2025-11-13 13:17:56,137 - CMD: sra-stat --meta --quick /share/org/YZWL/yzwl_lixg/project/21.é‡ç”Ÿå¤§è±†ç¾¤ä½“/01.data/raw/ç¬¬å››æ‰¹/sra/ERR3184268
Traceback (most recent call last):
  File "/share/org/YZWL/yzwl_lixg/.local/bin/parallel-fastq-dump", line 116, in get_spot_count
    total += int(l.split('|')[2].split(':')[0])
                 ~~~~~~~~~~~~^^^
IndexError: list index out of range

During handling of the above exception, another exception occurred:

Traceback (most recent call last):
  File "/share/org/YZWL/yzwl_lixg/.local/bin/parallel-fastq-dump", line 181, in <module>
    main()
    ~~~~^^
  File "/share/org/YZWL/yzwl_lixg/.local/bin/parallel-fastq-dump", line 175, in main
    pfd(args, si, extra_args)
    ~~~^^^^^^^^^^^^^^^^^^^^^^
  File "/share/org/YZWL/yzwl_lixg/.local/bin/parallel-fastq-dump", line 49, in pfd
    n_spots = get_spot_count(srr_id)
  File "/share/org/YZWL/yzwl_lixg/.local/bin/parallel-fastq-dump", line 122, in get_spot_count
    raise IndexError(msg.format('\n'.join(txt), '\n'.join(etxt)))
IndexError: sra-stat output parsing error!
--sra-stat STDOUT--

--sra-stat STDERR--
2025-11-13T05:17:56 sra-stat.3.2.1 int: path incorrect while opening manager within database module - '/share/org/YZWL/yzwl_lixg/project/21.é‡ç”Ÿå¤§è±†ç¾¤ä½“/01.data/raw/ç¬¬å››æ‰¹/sra/ERR3184268'

2025-11-13 13:17:56,168 - ERROR - âŒ å¤±è´¥ | Failed: ERR3184268
2025-11-13 13:17:56,168 - INFO - ğŸ”„ æ€»è¿›åº¦ | Overall Progress: [3/56]
2025-11-13 13:17:56,169 - INFO - ============================================================
2025-11-13 13:17:56,169 - INFO - ğŸ“¦ å¤„ç†æ–‡ä»¶ | Processing file: ERR3184269
2025-11-13 13:17:56,169 - INFO - ============================================================
2025-11-13 13:17:56,169 - INFO - ğŸ”§ ä½¿ç”¨å·¥å…· | Using tool: parallel-fastq-dump (å¤šçº¿ç¨‹åŠ é€Ÿ) | (multi-threaded)
2025-11-13 13:17:56,169 - INFO - ğŸ§µ çº¿ç¨‹æ•° | Threads: 80
2025-11-13 13:17:56,169 - INFO - ğŸš€ æ‰§è¡Œæ­¥éª¤ | Executing step: è½¬æ¢SRAæ–‡ä»¶ | Converting SRA file: ERR3184269
2025-11-13 13:17:56,169 - INFO - ğŸ“‹ å‘½ä»¤ | Command: parallel-fastq-dump --sra-id /share/org/YZWL/yzwl_lixg/project/21.é‡ç”Ÿå¤§è±†ç¾¤ä½“/01.data/raw/ç¬¬å››æ‰¹/sra/ERR3184269 --threads 80 --outdir /share/org/YZWL/yzwl_lixg/project/21.é‡ç”Ÿå¤§è±†ç¾¤ä½“/01.data/raw/ç¬¬å››æ‰¹/fastq --split-files --gzip --skip-technical
2025-11-13 13:17:56,231 - ERROR - âŒ å‘½ä»¤æ‰§è¡Œå¤±è´¥ | Command execution failed: è½¬æ¢SRAæ–‡ä»¶ | Converting SRA file: ERR3184269
2025-11-13 13:17:56,231 - ERROR - é”™è¯¯ä»£ç  | Error code: 1
2025-11-13 13:17:56,231 - ERROR - é”™è¯¯ä¿¡æ¯ | Error message: 2025-11-13 13:17:56,199 - SRR ids: ['/share/org/YZWL/yzwl_lixg/project/21.é‡ç”Ÿå¤§è±†ç¾¤ä½“/01.data/raw/ç¬¬å››æ‰¹/sra/ERR3184269']
2025-11-13 13:17:56,199 - extra args: ['--split-files', '--gzip', '--skip-technical']
2025-11-13 13:17:56,199 - tempdir: /tmp/pfd_njzhbrak
2025-11-13 13:17:56,199 - CMD: sra-stat --meta --quick /share/org/YZWL/yzwl_lixg/project/21.é‡ç”Ÿå¤§è±†ç¾¤ä½“/01.data/raw/ç¬¬å››æ‰¹/sra/ERR3184269
Traceback (most recent call last):
  File "/share/org/YZWL/yzwl_lixg/.local/bin/parallel-fastq-dump", line 116, in get_spot_count
    total += int(l.split('|')[2].split(':')[0])
                 ~~~~~~~~~~~~^^^
IndexError: list index out of range

During handling of the above exception, another exception occurred:

Traceback (most recent call last):
  File "/share/org/YZWL/yzwl_lixg/.local/bin/parallel-fastq-dump", line 181, in <module>
    main()
    ~~~~^^
  File "/share/org/YZWL/yzwl_lixg/.local/bin/parallel-fastq-dump", line 175, in main
    pfd(args, si, extra_args)
    ~~~^^^^^^^^^^^^^^^^^^^^^^
  File "/share/org/YZWL/yzwl_lixg/.local/bin/parallel-fastq-dump", line 49, in pfd
    n_spots = get_spot_count(srr_id)
  File "/share/org/YZWL/yzwl_lixg/.local/bin/parallel-fastq-dump", line 122, in get_spot_count
    raise IndexError(msg.format('\n'.join(txt), '\n'.join(etxt)))
IndexError: sra-stat output parsing error!
--sra-stat STDOUT--

--sra-stat STDERR--
2025-11-13T05:17:56 sra-stat.3.2.1 int: path incorrect while opening manager within database module - '/share/org/YZWL/yzwl_lixg/project/21.é‡ç”Ÿå¤§è±†ç¾¤ä½“/01.data/raw/ç¬¬å››æ‰¹/sra/ERR3184269'

2025-11-13 13:17:56,231 - ERROR - âŒ å¤±è´¥ | Failed: ERR3184269
2025-11-13 13:17:56,231 - INFO - ğŸ”„ æ€»è¿›åº¦ | Overall Progress: [4/56]
2025-11-13 13:17:56,231 - INFO - ============================================================
2025-11-13 13:17:56,231 - INFO - ğŸ“¦ å¤„ç†æ–‡ä»¶ | Processing file: ERR3184300
2025-11-13 13:17:56,231 - INFO - ============================================================
2025-11-13 13:17:56,231 - INFO - ğŸ”§ ä½¿ç”¨å·¥å…· | Using tool: parallel-fastq-dump (å¤šçº¿ç¨‹åŠ é€Ÿ) | (multi-threaded)
2025-11-13 13:17:56,231 - INFO - ğŸ§µ çº¿ç¨‹æ•° | Threads: 80
2025-11-13 13:17:56,231 - INFO - ğŸš€ æ‰§è¡Œæ­¥éª¤ | Executing step: è½¬æ¢SRAæ–‡ä»¶ | Converting SRA file: ERR3184300
2025-11-13 13:17:56,231 - INFO - ğŸ“‹ å‘½ä»¤ | Command: parallel-fastq-dump --sra-id /share/org/YZWL/yzwl_lixg/project/21.é‡ç”Ÿå¤§è±†ç¾¤ä½“/01.data/raw/ç¬¬å››æ‰¹/sra/ERR3184300 --threads 80 --outdir /share/org/YZWL/yzwl_lixg/project/21.é‡ç”Ÿå¤§è±†ç¾¤ä½“/01.data/raw/ç¬¬å››æ‰¹/fastq --split-files --gzip --skip-technical
2025-11-13 13:17:56,293 - ERROR - âŒ å‘½ä»¤æ‰§è¡Œå¤±è´¥ | Command execution failed: è½¬æ¢SRAæ–‡ä»¶ | Converting SRA file: ERR3184300
2025-11-13 13:17:56,293 - ERROR - é”™è¯¯ä»£ç  | Error code: 1
2025-11-13 13:17:56,294 - ERROR - é”™è¯¯ä¿¡æ¯ | Error message: 2025-11-13 13:17:56,262 - SRR ids: ['/share/org/YZWL/yzwl_lixg/project/21.é‡ç”Ÿå¤§è±†ç¾¤ä½“/01.data/raw/ç¬¬å››æ‰¹/sra/ERR3184300']
2025-11-13 13:17:56,262 - extra args: ['--split-files', '--gzip', '--skip-technical']
2025-11-13 13:17:56,262 - tempdir: /tmp/pfd_hgq1tswx
2025-11-13 13:17:56,262 - CMD: sra-stat --meta --quick /share/org/YZWL/yzwl_lixg/project/21.é‡ç”Ÿå¤§è±†ç¾¤ä½“/01.data/raw/ç¬¬å››æ‰¹/sra/ERR3184300
Traceback (most recent call last):
  File "/share/org/YZWL/yzwl_lixg/.local/bin/parallel-fastq-dump", line 116, in get_spot_count
    total += int(l.split('|')[2].split(':')[0])
                 ~~~~~~~~~~~~^^^
IndexError: list index out of range

During handling of the above exception, another exception occurred:

Traceback (most recent call last):
  File "/share/org/YZWL/yzwl_lixg/.local/bin/parallel-fastq-dump", line 181, in <module>
    main()
    ~~~~^^
  File "/share/org/YZWL/yzwl_lixg/.local/bin/parallel-fastq-dump", line 175, in main
    pfd(args, si, extra_args)
    ~~~^^^^^^^^^^^^^^^^^^^^^^
  File "/share/org/YZWL/yzwl_lixg/.local/bin/parallel-fastq-dump", line 49, in pfd
    n_spots = get_spot_count(srr_id)
  File "/share/org/YZWL/yzwl_lixg/.local/bin/parallel-fastq-dump", line 122, in get_spot_count
    raise IndexError(msg.format('\n'.join(txt), '\n'.join(etxt)))
IndexError: sra-stat output parsing error!
--sra-stat STDOUT--

--sra-stat STDERR--
2025-11-13T05:17:56 sra-stat.3.2.1 int: path incorrect while opening manager within database module - '/share/org/YZWL/yzwl_lixg/project/21.é‡ç”Ÿå¤§è±†ç¾¤ä½“/01.data/raw/ç¬¬å››æ‰¹/sra/ERR3184300'

2025-11-13 13:17:56,294 - ERROR - âŒ å¤±è´¥ | Failed: ERR3184300
2025-11-13 13:17:56,294 - INFO - ğŸ”„ æ€»è¿›åº¦ | Overall Progress: [5/56]
2025-11-13 13:17:56,294 - INFO - ============================================================
2025-11-13 13:17:56,294 - INFO - ğŸ“¦ å¤„ç†æ–‡ä»¶ | Processing file: ERR3184301
2025-11-13 13:17:56,294 - INFO - ============================================================
2025-11-13 13:17:56,294 - INFO - ğŸ”§ ä½¿ç”¨å·¥å…· | Using tool: parallel-fastq-dump (å¤šçº¿ç¨‹åŠ é€Ÿ) | (multi-threaded)
2025-11-13 13:17:56,294 - INFO - ğŸ§µ çº¿ç¨‹æ•° | Threads: 80
2025-11-13 13:17:56,294 - INFO - ğŸš€ æ‰§è¡Œæ­¥éª¤ | Executing step: è½¬æ¢SRAæ–‡ä»¶ | Converting SRA file: ERR3184301
2025-11-13 13:17:56,294 - INFO - ğŸ“‹ å‘½ä»¤ | Command: parallel-fastq-dump --sra-id /share/org/YZWL/yzwl_lixg/project/21.é‡ç”Ÿå¤§è±†ç¾¤ä½“/01.data/raw/ç¬¬å››æ‰¹/sra/ERR3184301 --threads 80 --outdir /share/org/YZWL/yzwl_lixg/project/21.é‡ç”Ÿå¤§è±†ç¾¤ä½“/01.data/raw/ç¬¬å››æ‰¹/fastq --split-files --gzip --skip-technical
2025-11-13 13:17:56,356 - ERROR - âŒ å‘½ä»¤æ‰§è¡Œå¤±è´¥ | Command execution failed: è½¬æ¢SRAæ–‡ä»¶ | Converting SRA file: ERR3184301
2025-11-13 13:17:56,356 - ERROR - é”™è¯¯ä»£ç  | Error code: 1
2025-11-13 13:17:56,356 - ERROR - é”™è¯¯ä¿¡æ¯ | Error message: 2025-11-13 13:17:56,324 - SRR ids: ['/share/org/YZWL/yzwl_lixg/project/21.é‡ç”Ÿå¤§è±†ç¾¤ä½“/01.data/raw/ç¬¬å››æ‰¹/sra/ERR3184301']
2025-11-13 13:17:56,324 - extra args: ['--split-files', '--gzip', '--skip-technical']
2025-11-13 13:17:56,325 - tempdir: /tmp/pfd_fsuyt0n4
2025-11-13 13:17:56,325 - CMD: sra-stat --meta --quick /share/org/YZWL/yzwl_lixg/project/21.é‡ç”Ÿå¤§è±†ç¾¤ä½“/01.data/raw/ç¬¬å››æ‰¹/sra/ERR3184301
Traceback (most recent call last):
  File "/share/org/YZWL/yzwl_lixg/.local/bin/parallel-fastq-dump", line 116, in get_spot_count
    total += int(l.split('|')[2].split(':')[0])
                 ~~~~~~~~~~~~^^^
IndexError: list index out of range

During handling of the above exception, another exception occurred:

Traceback (most recent call last):
  File "/share/org/YZWL/yzwl_lixg/.local/bin/parallel-fastq-dump", line 181, in <module>
    main()
    ~~~~^^
  File "/share/org/YZWL/yzwl_lixg/.local/bin/parallel-fastq-dump", line 175, in main
    pfd(args, si, extra_args)
    ~~~^^^^^^^^^^^^^^^^^^^^^^
  File "/share/org/YZWL/yzwl_lixg/.local/bin/parallel-fastq-dump", line 49, in pfd
    n_spots = get_spot_count(srr_id)
  File "/share/org/YZWL/yzwl_lixg/.local/bin/parallel-fastq-dump", line 122, in get_spot_count
    raise IndexError(msg.format('\n'.join(txt), '\n'.join(etxt)))
IndexError: sra-stat output parsing error!
--sra-stat STDOUT--

--sra-stat STDERR--
2025-11-13T05:17:56 sra-stat.3.2.1 int: path incorrect while opening manager within database module - '/share/org/YZWL/yzwl_lixg/project/21.é‡ç”Ÿå¤§è±†ç¾¤ä½“/01.data/raw/ç¬¬å››æ‰¹/sra/ERR3184301'

2025-11-13 13:17:56,356 - ERROR - âŒ å¤±è´¥ | Failed: ERR3184301
2025-11-13 13:17:56,356 - INFO - ğŸ”„ æ€»è¿›åº¦ | Overall Progress: [6/56]
2025-11-13 13:17:56,356 - INFO - ============================================================
2025-11-13 13:17:56,356 - INFO - ğŸ“¦ å¤„ç†æ–‡ä»¶ | Processing file: ERR3184302
2025-11-13 13:17:56,356 - INFO - ============================================================
2025-11-13 13:17:56,356 - INFO - ğŸ”§ ä½¿ç”¨å·¥å…· | Using tool: parallel-fastq-dump (å¤šçº¿ç¨‹åŠ é€Ÿ) | (multi-threaded)
2025-11-13 13:17:56,356 - INFO - ğŸ§µ çº¿ç¨‹æ•° | Threads: 80
2025-11-13 13:17:56,356 - INFO - ğŸš€ æ‰§è¡Œæ­¥éª¤ | Executing step: è½¬æ¢SRAæ–‡ä»¶ | Converting SRA file: ERR3184302
2025-11-13 13:17:56,356 - INFO - ğŸ“‹ å‘½ä»¤ | Command: parallel-fastq-dump --sra-id /share/org/YZWL/yzwl_lixg/project/21.é‡ç”Ÿå¤§è±†ç¾¤ä½“/01.data/raw/ç¬¬å››æ‰¹/sra/ERR3184302 --threads 80 --outdir /share/org/YZWL/yzwl_lixg/project/21.é‡ç”Ÿå¤§è±†ç¾¤ä½“/01.data/raw/ç¬¬å››æ‰¹/fastq --split-files --gzip --skip-technical
2025-11-13 13:17:56,418 - ERROR - âŒ å‘½ä»¤æ‰§è¡Œå¤±è´¥ | Command execution failed: è½¬æ¢SRAæ–‡ä»¶ | Converting SRA file: ERR3184302
2025-11-13 13:17:56,418 - ERROR - é”™è¯¯ä»£ç  | Error code: 1
2025-11-13 13:17:56,418 - ERROR - é”™è¯¯ä¿¡æ¯ | Error message: 2025-11-13 13:17:56,386 - SRR ids: ['/share/org/YZWL/yzwl_lixg/project/21.é‡ç”Ÿå¤§è±†ç¾¤ä½“/01.data/raw/ç¬¬å››æ‰¹/sra/ERR3184302']
2025-11-13 13:17:56,386 - extra args: ['--split-files', '--gzip', '--skip-technical']
2025-11-13 13:17:56,387 - tempdir: /tmp/pfd_3vgz38bg
2025-11-13 13:17:56,387 - CMD: sra-stat --meta --quick /share/org/YZWL/yzwl_lixg/project/21.é‡ç”Ÿå¤§è±†ç¾¤ä½“/01.data/raw/ç¬¬å››æ‰¹/sra/ERR3184302
Traceback (most recent call last):
  File "/share/org/YZWL/yzwl_lixg/.local/bin/parallel-fastq-dump", line 116, in get_spot_count
    total += int(l.split('|')[2].split(':')[0])
                 ~~~~~~~~~~~~^^^
IndexError: list index out of range

During handling of the above exception, another exception occurred:

Traceback (most recent call last):
  File "/share/org/YZWL/yzwl_lixg/.local/bin/parallel-fastq-dump", line 181, in <module>
    main()
    ~~~~^^
  File "/share/org/YZWL/yzwl_lixg/.local/bin/parallel-fastq-dump", line 175, in main
    pfd(args, si, extra_args)
    ~~~^^^^^^^^^^^^^^^^^^^^^^
  File "/share/org/YZWL/yzwl_lixg/.local/bin/parallel-fastq-dump", line 49, in pfd
    n_spots = get_spot_count(srr_id)
  File "/share/org/YZWL/yzwl_lixg/.local/bin/parallel-fastq-dump", line 122, in get_spot_count
    raise IndexError(msg.format('\n'.join(txt), '\n'.join(etxt)))
IndexError: sra-stat output parsing error!
--sra-stat STDOUT--

--sra-stat STDERR--
2025-11-13T05:17:56 sra-stat.3.2.1 int: path incorrect while opening manager within database module - '/share/org/YZWL/yzwl_lixg/project/21.é‡ç”Ÿå¤§è±†ç¾¤ä½“/01.data/raw/ç¬¬å››æ‰¹/sra/ERR3184302'

2025-11-13 13:17:56,418 - ERROR - âŒ å¤±è´¥ | Failed: ERR3184302
2025-11-13 13:17:56,418 - INFO - ğŸ”„ æ€»è¿›åº¦ | Overall Progress: [7/56]
2025-11-13 13:17:56,418 - INFO - ============================================================
2025-11-13 13:17:56,418 - INFO - ğŸ“¦ å¤„ç†æ–‡ä»¶ | Processing file: ERR3184319
2025-11-13 13:17:56,418 - INFO - ============================================================
2025-11-13 13:17:56,418 - INFO - ğŸ”§ ä½¿ç”¨å·¥å…· | Using tool: parallel-fastq-dump (å¤šçº¿ç¨‹åŠ é€Ÿ) | (multi-threaded)
2025-11-13 13:17:56,418 - INFO - ğŸ§µ çº¿ç¨‹æ•° | Threads: 80
2025-11-13 13:17:56,418 - INFO - ğŸš€ æ‰§è¡Œæ­¥éª¤ | Executing step: è½¬æ¢SRAæ–‡ä»¶ | Converting SRA file: ERR3184319
2025-11-13 13:17:56,418 - INFO - ğŸ“‹ å‘½ä»¤ | Command: parallel-fastq-dump --sra-id /share/org/YZWL/yzwl_lixg/project/21.é‡ç”Ÿå¤§è±†ç¾¤ä½“/01.data/raw/ç¬¬å››æ‰¹/sra/ERR3184319 --threads 80 --outdir /share/org/YZWL/yzwl_lixg/project/21.é‡ç”Ÿå¤§è±†ç¾¤ä½“/01.data/raw/ç¬¬å››æ‰¹/fastq --split-files --gzip --skip-technical
2025-11-13 13:19:04,837 - INFO - âœ… å‘½ä»¤æ‰§è¡ŒæˆåŠŸ | Command executed successfully
2025-11-13 13:19:04,837 - INFO - âœ… å®Œæˆ | Completed: ERR3184319
2025-11-13 13:19:04,837 - INFO - ğŸ”„ æ€»è¿›åº¦ | Overall Progress: [8/56]
2025-11-13 13:19:04,838 - INFO - ============================================================
2025-11-13 13:19:04,838 - INFO - ğŸ“¦ å¤„ç†æ–‡ä»¶ | Processing file: ERR3184320
2025-11-13 13:19:04,838 - INFO - ============================================================
2025-11-13 13:19:04,838 - INFO - ğŸ”§ ä½¿ç”¨å·¥å…· | Using tool: parallel-fastq-dump (å¤šçº¿ç¨‹åŠ é€Ÿ) | (multi-threaded)
2025-11-13 13:19:04,838 - INFO - ğŸ§µ çº¿ç¨‹æ•° | Threads: 80
2025-11-13 13:19:04,838 - INFO - ğŸš€ æ‰§è¡Œæ­¥éª¤ | Executing step: è½¬æ¢SRAæ–‡ä»¶ | Converting SRA file: ERR3184320
2025-11-13 13:19:04,838 - INFO - ğŸ“‹ å‘½ä»¤ | Command: parallel-fastq-dump --sra-id /share/org/YZWL/yzwl_lixg/project/21.é‡ç”Ÿå¤§è±†ç¾¤ä½“/01.data/raw/ç¬¬å››æ‰¹/sra/ERR3184320 --threads 80 --outdir /share/org/YZWL/yzwl_lixg/project/21.é‡ç”Ÿå¤§è±†ç¾¤ä½“/01.data/raw/ç¬¬å››æ‰¹/fastq --split-files --gzip --skip-technical
2025-11-13 13:20:15,494 - INFO - âœ… å‘½ä»¤æ‰§è¡ŒæˆåŠŸ | Command executed successfully
2025-11-13 13:20:15,495 - INFO - âœ… å®Œæˆ | Completed: ERR3184320
2025-11-13 13:20:15,495 - INFO - ğŸ”„ æ€»è¿›åº¦ | Overall Progress: [9/56]
2025-11-13 13:20:15,495 - INFO - ============================================================
2025-11-13 13:20:15,495 - INFO - ğŸ“¦ å¤„ç†æ–‡ä»¶ | Processing file: ERR3184322
2025-11-13 13:20:15,495 - INFO - ============================================================
2025-11-13 13:20:15,495 - INFO - ğŸ”§ ä½¿ç”¨å·¥å…· | Using tool: parallel-fastq-dump (å¤šçº¿ç¨‹åŠ é€Ÿ) | (multi-threaded)
2025-11-13 13:20:15,495 - INFO - ğŸ§µ çº¿ç¨‹æ•° | Threads: 80
2025-11-13 13:20:15,495 - INFO - ğŸš€ æ‰§è¡Œæ­¥éª¤ | Executing step: è½¬æ¢SRAæ–‡ä»¶ | Converting SRA file: ERR3184322
2025-11-13 13:20:15,495 - INFO - ğŸ“‹ å‘½ä»¤ | Command: parallel-fastq-dump --sra-id /share/org/YZWL/yzwl_lixg/project/21.é‡ç”Ÿå¤§è±†ç¾¤ä½“/01.data/raw/ç¬¬å››æ‰¹/sra/ERR3184322 --threads 80 --outdir /share/org/YZWL/yzwl_lixg/project/21.é‡ç”Ÿå¤§è±†ç¾¤ä½“/01.data/raw/ç¬¬å››æ‰¹/fastq --split-files --gzip --skip-technical
2025-11-13 13:21:48,549 - INFO - âœ… å‘½ä»¤æ‰§è¡ŒæˆåŠŸ | Command executed successfully
2025-11-13 13:21:48,550 - INFO - âœ… å®Œæˆ | Completed: ERR3184322
2025-11-13 13:21:48,550 - INFO - ğŸ”„ æ€»è¿›åº¦ | Overall Progress: [10/56]
2025-11-13 13:21:48,550 - INFO - ============================================================
2025-11-13 13:21:48,550 - INFO - ğŸ“¦ å¤„ç†æ–‡ä»¶ | Processing file: ERR3184324
2025-11-13 13:21:48,550 - INFO - ============================================================
2025-11-13 13:21:48,550 - INFO - ğŸ”§ ä½¿ç”¨å·¥å…· | Using tool: parallel-fastq-dump (å¤šçº¿ç¨‹åŠ é€Ÿ) | (multi-threaded)
2025-11-13 13:21:48,550 - INFO - ğŸ§µ çº¿ç¨‹æ•° | Threads: 80
2025-11-13 13:21:48,550 - INFO - ğŸš€ æ‰§è¡Œæ­¥éª¤ | Executing step: è½¬æ¢SRAæ–‡ä»¶ | Converting SRA file: ERR3184324
2025-11-13 13:21:48,550 - INFO - ğŸ“‹ å‘½ä»¤ | Command: parallel-fastq-dump --sra-id /share/org/YZWL/yzwl_lixg/project/21.é‡ç”Ÿå¤§è±†ç¾¤ä½“/01.data/raw/ç¬¬å››æ‰¹/sra/ERR3184324 --threads 80 --outdir /share/org/YZWL/yzwl_lixg/project/21.é‡ç”Ÿå¤§è±†ç¾¤ä½“/01.data/raw/ç¬¬å››æ‰¹/fastq --split-files --gzip --skip-technical
2025-11-13 13:23:19,945 - INFO - âœ… å‘½ä»¤æ‰§è¡ŒæˆåŠŸ | Command executed successfully
2025-11-13 13:23:19,946 - INFO - âœ… å®Œæˆ | Completed: ERR3184324
2025-11-13 13:23:19,946 - INFO - ğŸ”„ æ€»è¿›åº¦ | Overall Progress: [11/56]
2025-11-13 13:23:19,946 - INFO - ============================================================
2025-11-13 13:23:19,946 - INFO - ğŸ“¦ å¤„ç†æ–‡ä»¶ | Processing file: ERR3184325
2025-11-13 13:23:19,946 - INFO - ============================================================
2025-11-13 13:23:19,946 - INFO - ğŸ”§ ä½¿ç”¨å·¥å…· | Using tool: parallel-fastq-dump (å¤šçº¿ç¨‹åŠ é€Ÿ) | (multi-threaded)
2025-11-13 13:23:19,946 - INFO - ğŸ§µ çº¿ç¨‹æ•° | Threads: 80
2025-11-13 13:23:19,946 - INFO - ğŸš€ æ‰§è¡Œæ­¥éª¤ | Executing step: è½¬æ¢SRAæ–‡ä»¶ | Converting SRA file: ERR3184325
2025-11-13 13:23:19,946 - INFO - ğŸ“‹ å‘½ä»¤ | Command: parallel-fastq-dump --sra-id /share/org/YZWL/yzwl_lixg/project/21.é‡ç”Ÿå¤§è±†ç¾¤ä½“/01.data/raw/ç¬¬å››æ‰¹/sra/ERR3184325 --threads 80 --outdir /share/org/YZWL/yzwl_lixg/project/21.é‡ç”Ÿå¤§è±†ç¾¤ä½“/01.data/raw/ç¬¬å››æ‰¹/fastq --split-files --gzip --skip-technical
2025-11-13 13:24:41,762 - INFO - âœ… å‘½ä»¤æ‰§è¡ŒæˆåŠŸ | Command executed successfully
2025-11-13 13:24:41,763 - INFO - âœ… å®Œæˆ | Completed: ERR3184325
2025-11-13 13:24:41,763 - INFO - ğŸ”„ æ€»è¿›åº¦ | Overall Progress: [12/56]
2025-11-13 13:24:41,763 - INFO - ============================================================
2025-11-13 13:24:41,763 - INFO - ğŸ“¦ å¤„ç†æ–‡ä»¶ | Processing file: ERR3184326
2025-11-13 13:24:41,763 - INFO - ============================================================
2025-11-13 13:24:41,763 - INFO - ğŸ”§ ä½¿ç”¨å·¥å…· | Using tool: parallel-fastq-dump (å¤šçº¿ç¨‹åŠ é€Ÿ) | (multi-threaded)
2025-11-13 13:24:41,763 - INFO - ğŸ§µ çº¿ç¨‹æ•° | Threads: 80
2025-11-13 13:24:41,763 - INFO - ğŸš€ æ‰§è¡Œæ­¥éª¤ | Executing step: è½¬æ¢SRAæ–‡ä»¶ | Converting SRA file: ERR3184326
2025-11-13 13:24:41,763 - INFO - ğŸ“‹ å‘½ä»¤ | Command: parallel-fastq-dump --sra-id /share/org/YZWL/yzwl_lixg/project/21.é‡ç”Ÿå¤§è±†ç¾¤ä½“/01.data/raw/ç¬¬å››æ‰¹/sra/ERR3184326 --threads 80 --outdir /share/org/YZWL/yzwl_lixg/project/21.é‡ç”Ÿå¤§è±†ç¾¤ä½“/01.data/raw/ç¬¬å››æ‰¹/fastq --split-files --gzip --skip-technical
2025-11-13 13:26:05,230 - INFO - âœ… å‘½ä»¤æ‰§è¡ŒæˆåŠŸ | Command executed successfully
2025-11-13 13:26:05,231 - INFO - âœ… å®Œæˆ | Completed: ERR3184326
2025-11-13 13:26:05,231 - INFO - ğŸ”„ æ€»è¿›åº¦ | Overall Progress: [13/56]
2025-11-13 13:26:05,231 - INFO - ============================================================
2025-11-13 13:26:05,231 - INFO - ğŸ“¦ å¤„ç†æ–‡ä»¶ | Processing file: ERR3184327
2025-11-13 13:26:05,231 - INFO - ============================================================
2025-11-13 13:26:05,231 - INFO - ğŸ”§ ä½¿ç”¨å·¥å…· | Using tool: parallel-fastq-dump (å¤šçº¿ç¨‹åŠ é€Ÿ) | (multi-threaded)
2025-11-13 13:26:05,231 - INFO - ğŸ§µ çº¿ç¨‹æ•° | Threads: 80
2025-11-13 13:26:05,231 - INFO - ğŸš€ æ‰§è¡Œæ­¥éª¤ | Executing step: è½¬æ¢SRAæ–‡ä»¶ | Converting SRA file: ERR3184327
2025-11-13 13:26:05,231 - INFO - ğŸ“‹ å‘½ä»¤ | Command: parallel-fastq-dump --sra-id /share/org/YZWL/yzwl_lixg/project/21.é‡ç”Ÿå¤§è±†ç¾¤ä½“/01.data/raw/ç¬¬å››æ‰¹/sra/ERR3184327 --threads 80 --outdir /share/org/YZWL/yzwl_lixg/project/21.é‡ç”Ÿå¤§è±†ç¾¤ä½“/01.data/raw/ç¬¬å››æ‰¹/fastq --split-files --gzip --skip-technical
2025-11-13 13:27:35,191 - INFO - âœ… å‘½ä»¤æ‰§è¡ŒæˆåŠŸ | Command executed successfully
2025-11-13 13:27:35,191 - INFO - âœ… å®Œæˆ | Completed: ERR3184327
2025-11-13 13:27:35,191 - INFO - ğŸ”„ æ€»è¿›åº¦ | Overall Progress: [14/56]
2025-11-13 13:27:35,192 - INFO - ============================================================
2025-11-13 13:27:35,192 - INFO - ğŸ“¦ å¤„ç†æ–‡ä»¶ | Processing file: ERR3184329
2025-11-13 13:27:35,192 - INFO - ============================================================
2025-11-13 13:27:35,192 - INFO - ğŸ”§ ä½¿ç”¨å·¥å…· | Using tool: parallel-fastq-dump (å¤šçº¿ç¨‹åŠ é€Ÿ) | (multi-threaded)
2025-11-13 13:27:35,192 - INFO - ğŸ§µ çº¿ç¨‹æ•° | Threads: 80
2025-11-13 13:27:35,192 - INFO - ğŸš€ æ‰§è¡Œæ­¥éª¤ | Executing step: è½¬æ¢SRAæ–‡ä»¶ | Converting SRA file: ERR3184329
2025-11-13 13:27:35,192 - INFO - ğŸ“‹ å‘½ä»¤ | Command: parallel-fastq-dump --sra-id /share/org/YZWL/yzwl_lixg/project/21.é‡ç”Ÿå¤§è±†ç¾¤ä½“/01.data/raw/ç¬¬å››æ‰¹/sra/ERR3184329 --threads 80 --outdir /share/org/YZWL/yzwl_lixg/project/21.é‡ç”Ÿå¤§è±†ç¾¤ä½“/01.data/raw/ç¬¬å››æ‰¹/fastq --split-files --gzip --skip-technical
2025-11-13 13:28:52,687 - INFO - âœ… å‘½ä»¤æ‰§è¡ŒæˆåŠŸ | Command executed successfully
2025-11-13 13:28:52,687 - INFO - âœ… å®Œæˆ | Completed: ERR3184329
2025-11-13 13:28:52,687 - INFO - ğŸ”„ æ€»è¿›åº¦ | Overall Progress: [15/56]
2025-11-13 13:28:52,687 - INFO - ============================================================
2025-11-13 13:28:52,687 - INFO - ğŸ“¦ å¤„ç†æ–‡ä»¶ | Processing file: ERR3184332
2025-11-13 13:28:52,687 - INFO - ============================================================
2025-11-13 13:28:52,687 - INFO - ğŸ”§ ä½¿ç”¨å·¥å…· | Using tool: parallel-fastq-dump (å¤šçº¿ç¨‹åŠ é€Ÿ) | (multi-threaded)
2025-11-13 13:28:52,687 - INFO - ğŸ§µ çº¿ç¨‹æ•° | Threads: 80
2025-11-13 13:28:52,687 - INFO - ğŸš€ æ‰§è¡Œæ­¥éª¤ | Executing step: è½¬æ¢SRAæ–‡ä»¶ | Converting SRA file: ERR3184332
2025-11-13 13:28:52,687 - INFO - ğŸ“‹ å‘½ä»¤ | Command: parallel-fastq-dump --sra-id /share/org/YZWL/yzwl_lixg/project/21.é‡ç”Ÿå¤§è±†ç¾¤ä½“/01.data/raw/ç¬¬å››æ‰¹/sra/ERR3184332 --threads 80 --outdir /share/org/YZWL/yzwl_lixg/project/21.é‡ç”Ÿå¤§è±†ç¾¤ä½“/01.data/raw/ç¬¬å››æ‰¹/fastq --split-files --gzip --skip-technical
2025-11-13 13:30:35,227 - INFO - âœ… å‘½ä»¤æ‰§è¡ŒæˆåŠŸ | Command executed successfully
2025-11-13 13:30:35,227 - INFO - âœ… å®Œæˆ | Completed: ERR3184332
2025-11-13 13:30:35,227 - INFO - ğŸ”„ æ€»è¿›åº¦ | Overall Progress: [16/56]
2025-11-13 13:30:35,227 - INFO - ============================================================
2025-11-13 13:30:35,227 - INFO - ğŸ“¦ å¤„ç†æ–‡ä»¶ | Processing file: ERR3184333
2025-11-13 13:30:35,227 - INFO - ============================================================
2025-11-13 13:30:35,227 - INFO - ğŸ”§ ä½¿ç”¨å·¥å…· | Using tool: parallel-fastq-dump (å¤šçº¿ç¨‹åŠ é€Ÿ) | (multi-threaded)
2025-11-13 13:30:35,227 - INFO - ğŸ§µ çº¿ç¨‹æ•° | Threads: 80
2025-11-13 13:30:35,227 - INFO - ğŸš€ æ‰§è¡Œæ­¥éª¤ | Executing step: è½¬æ¢SRAæ–‡ä»¶ | Converting SRA file: ERR3184333
2025-11-13 13:30:35,227 - INFO - ğŸ“‹ å‘½ä»¤ | Command: parallel-fastq-dump --sra-id /share/org/YZWL/yzwl_lixg/project/21.é‡ç”Ÿå¤§è±†ç¾¤ä½“/01.data/raw/ç¬¬å››æ‰¹/sra/ERR3184333 --threads 80 --outdir /share/org/YZWL/yzwl_lixg/project/21.é‡ç”Ÿå¤§è±†ç¾¤ä½“/01.data/raw/ç¬¬å››æ‰¹/fastq --split-files --gzip --skip-technical
2025-11-13 13:31:56,871 - INFO - âœ… å‘½ä»¤æ‰§è¡ŒæˆåŠŸ | Command executed successfully
2025-11-13 13:31:56,872 - INFO - âœ… å®Œæˆ | Completed: ERR3184333
2025-11-13 13:31:56,872 - INFO - ğŸ”„ æ€»è¿›åº¦ | Overall Progress: [17/56]
2025-11-13 13:31:56,872 - INFO - ============================================================
2025-11-13 13:31:56,872 - INFO - ğŸ“¦ å¤„ç†æ–‡ä»¶ | Processing file: ERR3184334
2025-11-13 13:31:56,872 - INFO - ============================================================
2025-11-13 13:31:56,872 - INFO - ğŸ”§ ä½¿ç”¨å·¥å…· | Using tool: parallel-fastq-dump (å¤šçº¿ç¨‹åŠ é€Ÿ) | (multi-threaded)
2025-11-13 13:31:56,872 - INFO - ğŸ§µ çº¿ç¨‹æ•° | Threads: 80
2025-11-13 13:31:56,872 - INFO - ğŸš€ æ‰§è¡Œæ­¥éª¤ | Executing step: è½¬æ¢SRAæ–‡ä»¶ | Converting SRA file: ERR3184334
2025-11-13 13:31:56,872 - INFO - ğŸ“‹ å‘½ä»¤ | Command: parallel-fastq-dump --sra-id /share/org/YZWL/yzwl_lixg/project/21.é‡ç”Ÿå¤§è±†ç¾¤ä½“/01.data/raw/ç¬¬å››æ‰¹/sra/ERR3184334 --threads 80 --outdir /share/org/YZWL/yzwl_lixg/project/21.é‡ç”Ÿå¤§è±†ç¾¤ä½“/01.data/raw/ç¬¬å››æ‰¹/fastq --split-files --gzip --skip-technical
2025-11-13 13:33:28,091 - INFO - âœ… å‘½ä»¤æ‰§è¡ŒæˆåŠŸ | Command executed successfully
2025-11-13 13:33:28,091 - INFO - âœ… å®Œæˆ | Completed: ERR3184334
2025-11-13 13:33:28,091 - INFO - ğŸ”„ æ€»è¿›åº¦ | Overall Progress: [18/56]
2025-11-13 13:33:28,091 - INFO - ============================================================
2025-11-13 13:33:28,091 - INFO - ğŸ“¦ å¤„ç†æ–‡ä»¶ | Processing file: ERR3184335
2025-11-13 13:33:28,091 - INFO - ============================================================
2025-11-13 13:33:28,091 - INFO - ğŸ”§ ä½¿ç”¨å·¥å…· | Using tool: parallel-fastq-dump (å¤šçº¿ç¨‹åŠ é€Ÿ) | (multi-threaded)
2025-11-13 13:33:28,091 - INFO - ğŸ§µ çº¿ç¨‹æ•° | Threads: 80
2025-11-13 13:33:28,091 - INFO - ğŸš€ æ‰§è¡Œæ­¥éª¤ | Executing step: è½¬æ¢SRAæ–‡ä»¶ | Converting SRA file: ERR3184335
2025-11-13 13:33:28,091 - INFO - ğŸ“‹ å‘½ä»¤ | Command: parallel-fastq-dump --sra-id /share/org/YZWL/yzwl_lixg/project/21.é‡ç”Ÿå¤§è±†ç¾¤ä½“/01.data/raw/ç¬¬å››æ‰¹/sra/ERR3184335 --threads 80 --outdir /share/org/YZWL/yzwl_lixg/project/21.é‡ç”Ÿå¤§è±†ç¾¤ä½“/01.data/raw/ç¬¬å››æ‰¹/fastq --split-files --gzip --skip-technical
2025-11-13 13:34:45,241 - INFO - âœ… å‘½ä»¤æ‰§è¡ŒæˆåŠŸ | Command executed successfully
2025-11-13 13:34:45,241 - INFO - âœ… å®Œæˆ | Completed: ERR3184335
2025-11-13 13:34:45,241 - INFO - ğŸ”„ æ€»è¿›åº¦ | Overall Progress: [19/56]
2025-11-13 13:34:45,241 - INFO - ============================================================
2025-11-13 13:34:45,241 - INFO - ğŸ“¦ å¤„ç†æ–‡ä»¶ | Processing file: ERR3184336
2025-11-13 13:34:45,241 - INFO - ============================================================
2025-11-13 13:34:45,241 - INFO - ğŸ”§ ä½¿ç”¨å·¥å…· | Using tool: parallel-fastq-dump (å¤šçº¿ç¨‹åŠ é€Ÿ) | (multi-threaded)
2025-11-13 13:34:45,241 - INFO - ğŸ§µ çº¿ç¨‹æ•° | Threads: 80
2025-11-13 13:34:45,241 - INFO - ğŸš€ æ‰§è¡Œæ­¥éª¤ | Executing step: è½¬æ¢SRAæ–‡ä»¶ | Converting SRA file: ERR3184336
2025-11-13 13:34:45,241 - INFO - ğŸ“‹ å‘½ä»¤ | Command: parallel-fastq-dump --sra-id /share/org/YZWL/yzwl_lixg/project/21.é‡ç”Ÿå¤§è±†ç¾¤ä½“/01.data/raw/ç¬¬å››æ‰¹/sra/ERR3184336 --threads 80 --outdir /share/org/YZWL/yzwl_lixg/project/21.é‡ç”Ÿå¤§è±†ç¾¤ä½“/01.data/raw/ç¬¬å››æ‰¹/fastq --split-files --gzip --skip-technical
2025-11-13 13:36:08,796 - INFO - âœ… å‘½ä»¤æ‰§è¡ŒæˆåŠŸ | Command executed successfully
2025-11-13 13:36:08,797 - INFO - âœ… å®Œæˆ | Completed: ERR3184336
2025-11-13 13:36:08,797 - INFO - ğŸ”„ æ€»è¿›åº¦ | Overall Progress: [20/56]
2025-11-13 13:36:08,797 - INFO - ============================================================
2025-11-13 13:36:08,797 - INFO - ğŸ“¦ å¤„ç†æ–‡ä»¶ | Processing file: ERR3184337
2025-11-13 13:36:08,797 - INFO - ============================================================
2025-11-13 13:36:08,797 - INFO - ğŸ”§ ä½¿ç”¨å·¥å…· | Using tool: parallel-fastq-dump (å¤šçº¿ç¨‹åŠ é€Ÿ) | (multi-threaded)
2025-11-13 13:36:08,797 - INFO - ğŸ§µ çº¿ç¨‹æ•° | Threads: 80
2025-11-13 13:36:08,797 - INFO - ğŸš€ æ‰§è¡Œæ­¥éª¤ | Executing step: è½¬æ¢SRAæ–‡ä»¶ | Converting SRA file: ERR3184337
2025-11-13 13:36:08,797 - INFO - ğŸ“‹ å‘½ä»¤ | Command: parallel-fastq-dump --sra-id /share/org/YZWL/yzwl_lixg/project/21.é‡ç”Ÿå¤§è±†ç¾¤ä½“/01.data/raw/ç¬¬å››æ‰¹/sra/ERR3184337 --threads 80 --outdir /share/org/YZWL/yzwl_lixg/project/21.é‡ç”Ÿå¤§è±†ç¾¤ä½“/01.data/raw/ç¬¬å››æ‰¹/fastq --split-files --gzip --skip-technical
2025-11-13 13:37:30,096 - INFO - âœ… å‘½ä»¤æ‰§è¡ŒæˆåŠŸ | Command executed successfully
2025-11-13 13:37:30,096 - INFO - âœ… å®Œæˆ | Completed: ERR3184337
2025-11-13 13:37:30,096 - INFO - ğŸ”„ æ€»è¿›åº¦ | Overall Progress: [21/56]
2025-11-13 13:37:30,096 - INFO - ============================================================
2025-11-13 13:37:30,096 - INFO - ğŸ“¦ å¤„ç†æ–‡ä»¶ | Processing file: ERR3184338
2025-11-13 13:37:30,096 - INFO - ============================================================
2025-11-13 13:37:30,096 - INFO - ğŸ”§ ä½¿ç”¨å·¥å…· | Using tool: parallel-fastq-dump (å¤šçº¿ç¨‹åŠ é€Ÿ) | (multi-threaded)
2025-11-13 13:37:30,096 - INFO - ğŸ§µ çº¿ç¨‹æ•° | Threads: 80
2025-11-13 13:37:30,096 - INFO - ğŸš€ æ‰§è¡Œæ­¥éª¤ | Executing step: è½¬æ¢SRAæ–‡ä»¶ | Converting SRA file: ERR3184338
2025-11-13 13:37:30,096 - INFO - ğŸ“‹ å‘½ä»¤ | Command: parallel-fastq-dump --sra-id /share/org/YZWL/yzwl_lixg/project/21.é‡ç”Ÿå¤§è±†ç¾¤ä½“/01.data/raw/ç¬¬å››æ‰¹/sra/ERR3184338 --threads 80 --outdir /share/org/YZWL/yzwl_lixg/project/21.é‡ç”Ÿå¤§è±†ç¾¤ä½“/01.data/raw/ç¬¬å››æ‰¹/fastq --split-files --gzip --skip-technical
2025-11-13 13:38:48,205 - INFO - âœ… å‘½ä»¤æ‰§è¡ŒæˆåŠŸ | Command executed successfully
2025-11-13 13:38:48,205 - INFO - âœ… å®Œæˆ | Completed: ERR3184338
2025-11-13 13:38:48,205 - INFO - ğŸ”„ æ€»è¿›åº¦ | Overall Progress: [22/56]
2025-11-13 13:38:48,205 - INFO - ============================================================
2025-11-13 13:38:48,205 - INFO - ğŸ“¦ å¤„ç†æ–‡ä»¶ | Processing file: ERR3184339
2025-11-13 13:38:48,205 - INFO - ============================================================
2025-11-13 13:38:48,205 - INFO - ğŸ”§ ä½¿ç”¨å·¥å…· | Using tool: parallel-fastq-dump (å¤šçº¿ç¨‹åŠ é€Ÿ) | (multi-threaded)
2025-11-13 13:38:48,205 - INFO - ğŸ§µ çº¿ç¨‹æ•° | Threads: 80
2025-11-13 13:38:48,205 - INFO - ğŸš€ æ‰§è¡Œæ­¥éª¤ | Executing step: è½¬æ¢SRAæ–‡ä»¶ | Converting SRA file: ERR3184339
2025-11-13 13:38:48,205 - INFO - ğŸ“‹ å‘½ä»¤ | Command: parallel-fastq-dump --sra-id /share/org/YZWL/yzwl_lixg/project/21.é‡ç”Ÿå¤§è±†ç¾¤ä½“/01.data/raw/ç¬¬å››æ‰¹/sra/ERR3184339 --threads 80 --outdir /share/org/YZWL/yzwl_lixg/project/21.é‡ç”Ÿå¤§è±†ç¾¤ä½“/01.data/raw/ç¬¬å››æ‰¹/fastq --split-files --gzip --skip-technical
2025-11-13 13:40:39,595 - INFO - âœ… å‘½ä»¤æ‰§è¡ŒæˆåŠŸ | Command executed successfully
2025-11-13 13:40:39,595 - INFO - âœ… å®Œæˆ | Completed: ERR3184339
2025-11-13 13:40:39,595 - INFO - ğŸ”„ æ€»è¿›åº¦ | Overall Progress: [23/56]
2025-11-13 13:40:39,595 - INFO - ============================================================
2025-11-13 13:40:39,595 - INFO - ğŸ“¦ å¤„ç†æ–‡ä»¶ | Processing file: ERR3184340
2025-11-13 13:40:39,595 - INFO - ============================================================
2025-11-13 13:40:39,596 - INFO - ğŸ”§ ä½¿ç”¨å·¥å…· | Using tool: parallel-fastq-dump (å¤šçº¿ç¨‹åŠ é€Ÿ) | (multi-threaded)
2025-11-13 13:40:39,596 - INFO - ğŸ§µ çº¿ç¨‹æ•° | Threads: 80
2025-11-13 13:40:39,596 - INFO - ğŸš€ æ‰§è¡Œæ­¥éª¤ | Executing step: è½¬æ¢SRAæ–‡ä»¶ | Converting SRA file: ERR3184340
2025-11-13 13:40:39,596 - INFO - ğŸ“‹ å‘½ä»¤ | Command: parallel-fastq-dump --sra-id /share/org/YZWL/yzwl_lixg/project/21.é‡ç”Ÿå¤§è±†ç¾¤ä½“/01.data/raw/ç¬¬å››æ‰¹/sra/ERR3184340 --threads 80 --outdir /share/org/YZWL/yzwl_lixg/project/21.é‡ç”Ÿå¤§è±†ç¾¤ä½“/01.data/raw/ç¬¬å››æ‰¹/fastq --split-files --gzip --skip-technical
2025-11-13 13:42:09,007 - INFO - âœ… å‘½ä»¤æ‰§è¡ŒæˆåŠŸ | Command executed successfully
2025-11-13 13:42:09,007 - INFO - âœ… å®Œæˆ | Completed: ERR3184340
2025-11-13 13:42:09,007 - INFO - ğŸ”„ æ€»è¿›åº¦ | Overall Progress: [24/56]
2025-11-13 13:42:09,007 - INFO - ============================================================
2025-11-13 13:42:09,007 - INFO - ğŸ“¦ å¤„ç†æ–‡ä»¶ | Processing file: ERR3184342
2025-11-13 13:42:09,007 - INFO - ============================================================
2025-11-13 13:42:09,007 - INFO - ğŸ”§ ä½¿ç”¨å·¥å…· | Using tool: parallel-fastq-dump (å¤šçº¿ç¨‹åŠ é€Ÿ) | (multi-threaded)
2025-11-13 13:42:09,007 - INFO - ğŸ§µ çº¿ç¨‹æ•° | Threads: 80
2025-11-13 13:42:09,007 - INFO - ğŸš€ æ‰§è¡Œæ­¥éª¤ | Executing step: è½¬æ¢SRAæ–‡ä»¶ | Converting SRA file: ERR3184342
2025-11-13 13:42:09,007 - INFO - ğŸ“‹ å‘½ä»¤ | Command: parallel-fastq-dump --sra-id /share/org/YZWL/yzwl_lixg/project/21.é‡ç”Ÿå¤§è±†ç¾¤ä½“/01.data/raw/ç¬¬å››æ‰¹/sra/ERR3184342 --threads 80 --outdir /share/org/YZWL/yzwl_lixg/project/21.é‡ç”Ÿå¤§è±†ç¾¤ä½“/01.data/raw/ç¬¬å››æ‰¹/fastq --split-files --gzip --skip-technical
2025-11-13 13:43:38,992 - INFO - âœ… å‘½ä»¤æ‰§è¡ŒæˆåŠŸ | Command executed successfully
2025-11-13 13:43:38,992 - INFO - âœ… å®Œæˆ | Completed: ERR3184342
2025-11-13 13:43:38,992 - INFO - ğŸ”„ æ€»è¿›åº¦ | Overall Progress: [25/56]
2025-11-13 13:43:38,992 - INFO - ============================================================
2025-11-13 13:43:38,992 - INFO - ğŸ“¦ å¤„ç†æ–‡ä»¶ | Processing file: ERR3184343
2025-11-13 13:43:38,992 - INFO - ============================================================
2025-11-13 13:43:38,992 - INFO - ğŸ”§ ä½¿ç”¨å·¥å…· | Using tool: parallel-fastq-dump (å¤šçº¿ç¨‹åŠ é€Ÿ) | (multi-threaded)
2025-11-13 13:43:38,992 - INFO - ğŸ§µ çº¿ç¨‹æ•° | Threads: 80
2025-11-13 13:43:38,992 - INFO - ğŸš€ æ‰§è¡Œæ­¥éª¤ | Executing step: è½¬æ¢SRAæ–‡ä»¶ | Converting SRA file: ERR3184343
2025-11-13 13:43:38,992 - INFO - ğŸ“‹ å‘½ä»¤ | Command: parallel-fastq-dump --sra-id /share/org/YZWL/yzwl_lixg/project/21.é‡ç”Ÿå¤§è±†ç¾¤ä½“/01.data/raw/ç¬¬å››æ‰¹/sra/ERR3184343 --threads 80 --outdir /share/org/YZWL/yzwl_lixg/project/21.é‡ç”Ÿå¤§è±†ç¾¤ä½“/01.data/raw/ç¬¬å››æ‰¹/fastq --split-files --gzip --skip-technical
2025-11-13 13:44:58,190 - INFO - âœ… å‘½ä»¤æ‰§è¡ŒæˆåŠŸ | Command executed successfully
2025-11-13 13:44:58,190 - INFO - âœ… å®Œæˆ | Completed: ERR3184343
2025-11-13 13:44:58,190 - INFO - ğŸ”„ æ€»è¿›åº¦ | Overall Progress: [26/56]
2025-11-13 13:44:58,190 - INFO - ============================================================
2025-11-13 13:44:58,190 - INFO - ğŸ“¦ å¤„ç†æ–‡ä»¶ | Processing file: ERR3184345
2025-11-13 13:44:58,190 - INFO - ============================================================
2025-11-13 13:44:58,190 - INFO - ğŸ”§ ä½¿ç”¨å·¥å…· | Using tool: parallel-fastq-dump (å¤šçº¿ç¨‹åŠ é€Ÿ) | (multi-threaded)
2025-11-13 13:44:58,190 - INFO - ğŸ§µ çº¿ç¨‹æ•° | Threads: 80
2025-11-13 13:44:58,190 - INFO - ğŸš€ æ‰§è¡Œæ­¥éª¤ | Executing step: è½¬æ¢SRAæ–‡ä»¶ | Converting SRA file: ERR3184345
2025-11-13 13:44:58,190 - INFO - ğŸ“‹ å‘½ä»¤ | Command: parallel-fastq-dump --sra-id /share/org/YZWL/yzwl_lixg/project/21.é‡ç”Ÿå¤§è±†ç¾¤ä½“/01.data/raw/ç¬¬å››æ‰¹/sra/ERR3184345 --threads 80 --outdir /share/org/YZWL/yzwl_lixg/project/21.é‡ç”Ÿå¤§è±†ç¾¤ä½“/01.data/raw/ç¬¬å››æ‰¹/fastq --split-files --gzip --skip-technical
2025-11-13 13:46:23,945 - INFO - âœ… å‘½ä»¤æ‰§è¡ŒæˆåŠŸ | Command executed successfully
2025-11-13 13:46:23,955 - INFO - âœ… å®Œæˆ | Completed: ERR3184345
2025-11-13 13:46:23,955 - INFO - ğŸ”„ æ€»è¿›åº¦ | Overall Progress: [27/56]
2025-11-13 13:46:23,955 - INFO - ============================================================
2025-11-13 13:46:23,955 - INFO - ğŸ“¦ å¤„ç†æ–‡ä»¶ | Processing file: ERR3184346
2025-11-13 13:46:23,955 - INFO - ============================================================
2025-11-13 13:46:23,955 - INFO - ğŸ”§ ä½¿ç”¨å·¥å…· | Using tool: parallel-fastq-dump (å¤šçº¿ç¨‹åŠ é€Ÿ) | (multi-threaded)
2025-11-13 13:46:23,955 - INFO - ğŸ§µ çº¿ç¨‹æ•° | Threads: 80
2025-11-13 13:46:23,955 - INFO - ğŸš€ æ‰§è¡Œæ­¥éª¤ | Executing step: è½¬æ¢SRAæ–‡ä»¶ | Converting SRA file: ERR3184346
2025-11-13 13:46:23,955 - INFO - ğŸ“‹ å‘½ä»¤ | Command: parallel-fastq-dump --sra-id /share/org/YZWL/yzwl_lixg/project/21.é‡ç”Ÿå¤§è±†ç¾¤ä½“/01.data/raw/ç¬¬å››æ‰¹/sra/ERR3184346 --threads 80 --outdir /share/org/YZWL/yzwl_lixg/project/21.é‡ç”Ÿå¤§è±†ç¾¤ä½“/01.data/raw/ç¬¬å››æ‰¹/fastq --split-files --gzip --skip-technical
2025-11-13 13:47:42,873 - INFO - âœ… å‘½ä»¤æ‰§è¡ŒæˆåŠŸ | Command executed successfully
2025-11-13 13:47:42,874 - INFO - âœ… å®Œæˆ | Completed: ERR3184346
2025-11-13 13:47:42,874 - INFO - ğŸ”„ æ€»è¿›åº¦ | Overall Progress: [28/56]
2025-11-13 13:47:42,874 - INFO - ============================================================
2025-11-13 13:47:42,874 - INFO - ğŸ“¦ å¤„ç†æ–‡ä»¶ | Processing file: ERR3184348
2025-11-13 13:47:42,874 - INFO - ============================================================
2025-11-13 13:47:42,874 - INFO - ğŸ”§ ä½¿ç”¨å·¥å…· | Using tool: parallel-fastq-dump (å¤šçº¿ç¨‹åŠ é€Ÿ) | (multi-threaded)
2025-11-13 13:47:42,874 - INFO - ğŸ§µ çº¿ç¨‹æ•° | Threads: 80
2025-11-13 13:47:42,874 - INFO - ğŸš€ æ‰§è¡Œæ­¥éª¤ | Executing step: è½¬æ¢SRAæ–‡ä»¶ | Converting SRA file: ERR3184348
2025-11-13 13:47:42,874 - INFO - ğŸ“‹ å‘½ä»¤ | Command: parallel-fastq-dump --sra-id /share/org/YZWL/yzwl_lixg/project/21.é‡ç”Ÿå¤§è±†ç¾¤ä½“/01.data/raw/ç¬¬å››æ‰¹/sra/ERR3184348 --threads 80 --outdir /share/org/YZWL/yzwl_lixg/project/21.é‡ç”Ÿå¤§è±†ç¾¤ä½“/01.data/raw/ç¬¬å››æ‰¹/fastq --split-files --gzip --skip-technical
2025-11-13 13:48:58,935 - INFO - âœ… å‘½ä»¤æ‰§è¡ŒæˆåŠŸ | Command executed successfully
2025-11-13 13:48:58,935 - INFO - âœ… å®Œæˆ | Completed: ERR3184348
2025-11-13 13:48:58,935 - INFO - ğŸ”„ æ€»è¿›åº¦ | Overall Progress: [29/56]
2025-11-13 13:48:58,935 - INFO - ============================================================
2025-11-13 13:48:58,935 - INFO - ğŸ“¦ å¤„ç†æ–‡ä»¶ | Processing file: ERR3184349
2025-11-13 13:48:58,935 - INFO - ============================================================
2025-11-13 13:48:58,935 - INFO - ğŸ”§ ä½¿ç”¨å·¥å…· | Using tool: parallel-fastq-dump (å¤šçº¿ç¨‹åŠ é€Ÿ) | (multi-threaded)
2025-11-13 13:48:58,936 - INFO - ğŸ§µ çº¿ç¨‹æ•° | Threads: 80
2025-11-13 13:48:58,936 - INFO - ğŸš€ æ‰§è¡Œæ­¥éª¤ | Executing step: è½¬æ¢SRAæ–‡ä»¶ | Converting SRA file: ERR3184349
2025-11-13 13:48:58,936 - INFO - ğŸ“‹ å‘½ä»¤ | Command: parallel-fastq-dump --sra-id /share/org/YZWL/yzwl_lixg/project/21.é‡ç”Ÿå¤§è±†ç¾¤ä½“/01.data/raw/ç¬¬å››æ‰¹/sra/ERR3184349 --threads 80 --outdir /share/org/YZWL/yzwl_lixg/project/21.é‡ç”Ÿå¤§è±†ç¾¤ä½“/01.data/raw/ç¬¬å››æ‰¹/fastq --split-files --gzip --skip-technical
2025-11-13 13:50:18,678 - INFO - âœ… å‘½ä»¤æ‰§è¡ŒæˆåŠŸ | Command executed successfully
2025-11-13 13:50:18,678 - INFO - âœ… å®Œæˆ | Completed: ERR3184349
2025-11-13 13:50:18,678 - INFO - ğŸ”„ æ€»è¿›åº¦ | Overall Progress: [30/56]
2025-11-13 13:50:18,678 - INFO - ============================================================
2025-11-13 13:50:18,678 - INFO - ğŸ“¦ å¤„ç†æ–‡ä»¶ | Processing file: ERR3184350
2025-11-13 13:50:18,678 - INFO - ============================================================
2025-11-13 13:50:18,690 - INFO - ğŸ”§ ä½¿ç”¨å·¥å…· | Using tool: parallel-fastq-dump (å¤šçº¿ç¨‹åŠ é€Ÿ) | (multi-threaded)
2025-11-13 13:50:18,690 - INFO - ğŸ§µ çº¿ç¨‹æ•° | Threads: 80
2025-11-13 13:50:18,690 - INFO - ğŸš€ æ‰§è¡Œæ­¥éª¤ | Executing step: è½¬æ¢SRAæ–‡ä»¶ | Converting SRA file: ERR3184350
2025-11-13 13:50:18,690 - INFO - ğŸ“‹ å‘½ä»¤ | Command: parallel-fastq-dump --sra-id /share/org/YZWL/yzwl_lixg/project/21.é‡ç”Ÿå¤§è±†ç¾¤ä½“/01.data/raw/ç¬¬å››æ‰¹/sra/ERR3184350 --threads 80 --outdir /share/org/YZWL/yzwl_lixg/project/21.é‡ç”Ÿå¤§è±†ç¾¤ä½“/01.data/raw/ç¬¬å››æ‰¹/fastq --split-files --gzip --skip-technical
2025-11-13 13:51:40,127 - INFO - âœ… å‘½ä»¤æ‰§è¡ŒæˆåŠŸ | Command executed successfully
2025-11-13 13:51:40,136 - INFO - âœ… å®Œæˆ | Completed: ERR3184350
2025-11-13 13:51:40,136 - INFO - ğŸ”„ æ€»è¿›åº¦ | Overall Progress: [31/56]
2025-11-13 13:51:40,136 - INFO - ============================================================
2025-11-13 13:51:40,136 - INFO - ğŸ“¦ å¤„ç†æ–‡ä»¶ | Processing file: ERR3184353
2025-11-13 13:51:40,136 - INFO - ============================================================
2025-11-13 13:51:40,136 - INFO - ğŸ”§ ä½¿ç”¨å·¥å…· | Using tool: parallel-fastq-dump (å¤šçº¿ç¨‹åŠ é€Ÿ) | (multi-threaded)
2025-11-13 13:51:40,136 - INFO - ğŸ§µ çº¿ç¨‹æ•° | Threads: 80
2025-11-13 13:51:40,136 - INFO - ğŸš€ æ‰§è¡Œæ­¥éª¤ | Executing step: è½¬æ¢SRAæ–‡ä»¶ | Converting SRA file: ERR3184353
2025-11-13 13:51:40,136 - INFO - ğŸ“‹ å‘½ä»¤ | Command: parallel-fastq-dump --sra-id /share/org/YZWL/yzwl_lixg/project/21.é‡ç”Ÿå¤§è±†ç¾¤ä½“/01.data/raw/ç¬¬å››æ‰¹/sra/ERR3184353 --threads 80 --outdir /share/org/YZWL/yzwl_lixg/project/21.é‡ç”Ÿå¤§è±†ç¾¤ä½“/01.data/raw/ç¬¬å››æ‰¹/fastq --split-files --gzip --skip-technical
2025-11-13 13:53:40,099 - INFO - âœ… å‘½ä»¤æ‰§è¡ŒæˆåŠŸ | Command executed successfully
2025-11-13 13:53:40,099 - INFO - âœ… å®Œæˆ | Completed: ERR3184353
2025-11-13 13:53:40,099 - INFO - ğŸ”„ æ€»è¿›åº¦ | Overall Progress: [32/56]
2025-11-13 13:53:40,099 - INFO - ============================================================
2025-11-13 13:53:40,099 - INFO - ğŸ“¦ å¤„ç†æ–‡ä»¶ | Processing file: ERR3184354
2025-11-13 13:53:40,099 - INFO - ============================================================
2025-11-13 13:53:40,099 - INFO - ğŸ”§ ä½¿ç”¨å·¥å…· | Using tool: parallel-fastq-dump (å¤šçº¿ç¨‹åŠ é€Ÿ) | (multi-threaded)
2025-11-13 13:53:40,099 - INFO - ğŸ§µ çº¿ç¨‹æ•° | Threads: 80
2025-11-13 13:53:40,099 - INFO - ğŸš€ æ‰§è¡Œæ­¥éª¤ | Executing step: è½¬æ¢SRAæ–‡ä»¶ | Converting SRA file: ERR3184354
2025-11-13 13:53:40,099 - INFO - ğŸ“‹ å‘½ä»¤ | Command: parallel-fastq-dump --sra-id /share/org/YZWL/yzwl_lixg/project/21.é‡ç”Ÿå¤§è±†ç¾¤ä½“/01.data/raw/ç¬¬å››æ‰¹/sra/ERR3184354 --threads 80 --outdir /share/org/YZWL/yzwl_lixg/project/21.é‡ç”Ÿå¤§è±†ç¾¤ä½“/01.data/raw/ç¬¬å››æ‰¹/fastq --split-files --gzip --skip-technical
2025-11-13 13:55:04,921 - INFO - âœ… å‘½ä»¤æ‰§è¡ŒæˆåŠŸ | Command executed successfully
2025-11-13 13:55:04,921 - INFO - âœ… å®Œæˆ | Completed: ERR3184354
2025-11-13 13:55:04,921 - INFO - ğŸ”„ æ€»è¿›åº¦ | Overall Progress: [33/56]
2025-11-13 13:55:04,921 - INFO - ============================================================
2025-11-13 13:55:04,921 - INFO - ğŸ“¦ å¤„ç†æ–‡ä»¶ | Processing file: ERR3184355
2025-11-13 13:55:04,921 - INFO - ============================================================
2025-11-13 13:55:04,921 - INFO - ğŸ”§ ä½¿ç”¨å·¥å…· | Using tool: parallel-fastq-dump (å¤šçº¿ç¨‹åŠ é€Ÿ) | (multi-threaded)
2025-11-13 13:55:04,921 - INFO - ğŸ§µ çº¿ç¨‹æ•° | Threads: 80
2025-11-13 13:55:04,921 - INFO - ğŸš€ æ‰§è¡Œæ­¥éª¤ | Executing step: è½¬æ¢SRAæ–‡ä»¶ | Converting SRA file: ERR3184355
2025-11-13 13:55:04,921 - INFO - ğŸ“‹ å‘½ä»¤ | Command: parallel-fastq-dump --sra-id /share/org/YZWL/yzwl_lixg/project/21.é‡ç”Ÿå¤§è±†ç¾¤ä½“/01.data/raw/ç¬¬å››æ‰¹/sra/ERR3184355 --threads 80 --outdir /share/org/YZWL/yzwl_lixg/project/21.é‡ç”Ÿå¤§è±†ç¾¤ä½“/01.data/raw/ç¬¬å››æ‰¹/fastq --split-files --gzip --skip-technical
2025-11-13 13:57:31,167 - INFO - âœ… å‘½ä»¤æ‰§è¡ŒæˆåŠŸ | Command executed successfully
2025-11-13 13:57:31,191 - INFO - âœ… å®Œæˆ | Completed: ERR3184355
2025-11-13 13:57:31,191 - INFO - ğŸ”„ æ€»è¿›åº¦ | Overall Progress: [34/56]
2025-11-13 13:57:31,191 - INFO - ============================================================
2025-11-13 13:57:31,191 - INFO - ğŸ“¦ å¤„ç†æ–‡ä»¶ | Processing file: ERR3184360
2025-11-13 13:57:31,191 - INFO - ============================================================
2025-11-13 13:57:31,191 - INFO - ğŸ”§ ä½¿ç”¨å·¥å…· | Using tool: parallel-fastq-dump (å¤šçº¿ç¨‹åŠ é€Ÿ) | (multi-threaded)
2025-11-13 13:57:31,191 - INFO - ğŸ§µ çº¿ç¨‹æ•° | Threads: 80
2025-11-13 13:57:31,191 - INFO - ğŸš€ æ‰§è¡Œæ­¥éª¤ | Executing step: è½¬æ¢SRAæ–‡ä»¶ | Converting SRA file: ERR3184360
2025-11-13 13:57:31,191 - INFO - ğŸ“‹ å‘½ä»¤ | Command: parallel-fastq-dump --sra-id /share/org/YZWL/yzwl_lixg/project/21.é‡ç”Ÿå¤§è±†ç¾¤ä½“/01.data/raw/ç¬¬å››æ‰¹/sra/ERR3184360 --threads 80 --outdir /share/org/YZWL/yzwl_lixg/project/21.é‡ç”Ÿå¤§è±†ç¾¤ä½“/01.data/raw/ç¬¬å››æ‰¹/fastq --split-files --gzip --skip-technical
2025-11-13 13:58:50,829 - INFO - âœ… å‘½ä»¤æ‰§è¡ŒæˆåŠŸ | Command executed successfully
2025-11-13 13:58:50,830 - INFO - âœ… å®Œæˆ | Completed: ERR3184360
2025-11-13 13:58:50,830 - INFO - ğŸ”„ æ€»è¿›åº¦ | Overall Progress: [35/56]
2025-11-13 13:58:50,830 - INFO - ============================================================
2025-11-13 13:58:50,830 - INFO - ğŸ“¦ å¤„ç†æ–‡ä»¶ | Processing file: ERR3184361
2025-11-13 13:58:50,830 - INFO - ============================================================
2025-11-13 13:58:50,830 - INFO - ğŸ”§ ä½¿ç”¨å·¥å…· | Using tool: parallel-fastq-dump (å¤šçº¿ç¨‹åŠ é€Ÿ) | (multi-threaded)
2025-11-13 13:58:50,830 - INFO - ğŸ§µ çº¿ç¨‹æ•° | Threads: 80
2025-11-13 13:58:50,830 - INFO - ğŸš€ æ‰§è¡Œæ­¥éª¤ | Executing step: è½¬æ¢SRAæ–‡ä»¶ | Converting SRA file: ERR3184361
2025-11-13 13:58:50,830 - INFO - ğŸ“‹ å‘½ä»¤ | Command: parallel-fastq-dump --sra-id /share/org/YZWL/yzwl_lixg/project/21.é‡ç”Ÿå¤§è±†ç¾¤ä½“/01.data/raw/ç¬¬å››æ‰¹/sra/ERR3184361 --threads 80 --outdir /share/org/YZWL/yzwl_lixg/project/21.é‡ç”Ÿå¤§è±†ç¾¤ä½“/01.data/raw/ç¬¬å››æ‰¹/fastq --split-files --gzip --skip-technical
2025-11-13 14:00:04,429 - INFO - âœ… å‘½ä»¤æ‰§è¡ŒæˆåŠŸ | Command executed successfully
2025-11-13 14:00:04,429 - INFO - âœ… å®Œæˆ | Completed: ERR3184361
2025-11-13 14:00:04,429 - INFO - ğŸ”„ æ€»è¿›åº¦ | Overall Progress: [36/56]
2025-11-13 14:00:04,429 - INFO - ============================================================
2025-11-13 14:00:04,429 - INFO - ğŸ“¦ å¤„ç†æ–‡ä»¶ | Processing file: ERR3184363
2025-11-13 14:00:04,429 - INFO - ============================================================
2025-11-13 14:00:04,429 - INFO - ğŸ”§ ä½¿ç”¨å·¥å…· | Using tool: parallel-fastq-dump (å¤šçº¿ç¨‹åŠ é€Ÿ) | (multi-threaded)
2025-11-13 14:00:04,429 - INFO - ğŸ§µ çº¿ç¨‹æ•° | Threads: 80
2025-11-13 14:00:04,429 - INFO - ğŸš€ æ‰§è¡Œæ­¥éª¤ | Executing step: è½¬æ¢SRAæ–‡ä»¶ | Converting SRA file: ERR3184363
2025-11-13 14:00:04,429 - INFO - ğŸ“‹ å‘½ä»¤ | Command: parallel-fastq-dump --sra-id /share/org/YZWL/yzwl_lixg/project/21.é‡ç”Ÿå¤§è±†ç¾¤ä½“/01.data/raw/ç¬¬å››æ‰¹/sra/ERR3184363 --threads 80 --outdir /share/org/YZWL/yzwl_lixg/project/21.é‡ç”Ÿå¤§è±†ç¾¤ä½“/01.data/raw/ç¬¬å››æ‰¹/fastq --split-files --gzip --skip-technical
2025-11-13 14:01:17,474 - INFO - âœ… å‘½ä»¤æ‰§è¡ŒæˆåŠŸ | Command executed successfully
2025-11-13 14:01:17,474 - INFO - âœ… å®Œæˆ | Completed: ERR3184363
2025-11-13 14:01:17,474 - INFO - ğŸ”„ æ€»è¿›åº¦ | Overall Progress: [37/56]
2025-11-13 14:01:17,474 - INFO - ============================================================
2025-11-13 14:01:17,474 - INFO - ğŸ“¦ å¤„ç†æ–‡ä»¶ | Processing file: ERR3184364
2025-11-13 14:01:17,474 - INFO - ============================================================
2025-11-13 14:01:17,474 - INFO - ğŸ”§ ä½¿ç”¨å·¥å…· | Using tool: parallel-fastq-dump (å¤šçº¿ç¨‹åŠ é€Ÿ) | (multi-threaded)
2025-11-13 14:01:17,474 - INFO - ğŸ§µ çº¿ç¨‹æ•° | Threads: 80
2025-11-13 14:01:17,474 - INFO - ğŸš€ æ‰§è¡Œæ­¥éª¤ | Executing step: è½¬æ¢SRAæ–‡ä»¶ | Converting SRA file: ERR3184364
2025-11-13 14:01:17,487 - INFO - ğŸ“‹ å‘½ä»¤ | Command: parallel-fastq-dump --sra-id /share/org/YZWL/yzwl_lixg/project/21.é‡ç”Ÿå¤§è±†ç¾¤ä½“/01.data/raw/ç¬¬å››æ‰¹/sra/ERR3184364 --threads 80 --outdir /share/org/YZWL/yzwl_lixg/project/21.é‡ç”Ÿå¤§è±†ç¾¤ä½“/01.data/raw/ç¬¬å››æ‰¹/fastq --split-files --gzip --skip-technical
2025-11-13 14:02:47,025 - INFO - âœ… å‘½ä»¤æ‰§è¡ŒæˆåŠŸ | Command executed successfully
2025-11-13 14:02:47,025 - INFO - âœ… å®Œæˆ | Completed: ERR3184364
2025-11-13 14:02:47,025 - INFO - ğŸ”„ æ€»è¿›åº¦ | Overall Progress: [38/56]
2025-11-13 14:02:47,025 - INFO - ============================================================
2025-11-13 14:02:47,025 - INFO - ğŸ“¦ å¤„ç†æ–‡ä»¶ | Processing file: ERR3184365
2025-11-13 14:02:47,025 - INFO - ============================================================
2025-11-13 14:02:47,025 - INFO - ğŸ”§ ä½¿ç”¨å·¥å…· | Using tool: parallel-fastq-dump (å¤šçº¿ç¨‹åŠ é€Ÿ) | (multi-threaded)
2025-11-13 14:02:47,025 - INFO - ğŸ§µ çº¿ç¨‹æ•° | Threads: 80
2025-11-13 14:02:47,025 - INFO - ğŸš€ æ‰§è¡Œæ­¥éª¤ | Executing step: è½¬æ¢SRAæ–‡ä»¶ | Converting SRA file: ERR3184365
2025-11-13 14:02:47,025 - INFO - ğŸ“‹ å‘½ä»¤ | Command: parallel-fastq-dump --sra-id /share/org/YZWL/yzwl_lixg/project/21.é‡ç”Ÿå¤§è±†ç¾¤ä½“/01.data/raw/ç¬¬å››æ‰¹/sra/ERR3184365 --threads 80 --outdir /share/org/YZWL/yzwl_lixg/project/21.é‡ç”Ÿå¤§è±†ç¾¤ä½“/01.data/raw/ç¬¬å››æ‰¹/fastq --split-files --gzip --skip-technical
2025-11-13 14:04:07,275 - INFO - âœ… å‘½ä»¤æ‰§è¡ŒæˆåŠŸ | Command executed successfully
2025-11-13 14:04:07,275 - INFO - âœ… å®Œæˆ | Completed: ERR3184365
2025-11-13 14:04:07,275 - INFO - ğŸ”„ æ€»è¿›åº¦ | Overall Progress: [39/56]
2025-11-13 14:04:07,275 - INFO - ============================================================
2025-11-13 14:04:07,275 - INFO - ğŸ“¦ å¤„ç†æ–‡ä»¶ | Processing file: ERR3184366
2025-11-13 14:04:07,275 - INFO - ============================================================
2025-11-13 14:04:07,275 - INFO - ğŸ”§ ä½¿ç”¨å·¥å…· | Using tool: parallel-fastq-dump (å¤šçº¿ç¨‹åŠ é€Ÿ) | (multi-threaded)
2025-11-13 14:04:07,275 - INFO - ğŸ§µ çº¿ç¨‹æ•° | Threads: 80
2025-11-13 14:04:07,275 - INFO - ğŸš€ æ‰§è¡Œæ­¥éª¤ | Executing step: è½¬æ¢SRAæ–‡ä»¶ | Converting SRA file: ERR3184366
2025-11-13 14:04:07,275 - INFO - ğŸ“‹ å‘½ä»¤ | Command: parallel-fastq-dump --sra-id /share/org/YZWL/yzwl_lixg/project/21.é‡ç”Ÿå¤§è±†ç¾¤ä½“/01.data/raw/ç¬¬å››æ‰¹/sra/ERR3184366 --threads 80 --outdir /share/org/YZWL/yzwl_lixg/project/21.é‡ç”Ÿå¤§è±†ç¾¤ä½“/01.data/raw/ç¬¬å››æ‰¹/fastq --split-files --gzip --skip-technical
2025-11-13 14:05:35,324 - INFO - âœ… å‘½ä»¤æ‰§è¡ŒæˆåŠŸ | Command executed successfully
2025-11-13 14:05:35,324 - INFO - âœ… å®Œæˆ | Completed: ERR3184366
2025-11-13 14:05:35,324 - INFO - ğŸ”„ æ€»è¿›åº¦ | Overall Progress: [40/56]
2025-11-13 14:05:35,324 - INFO - ============================================================
2025-11-13 14:05:35,324 - INFO - ğŸ“¦ å¤„ç†æ–‡ä»¶ | Processing file: SRR1028184
2025-11-13 14:05:35,324 - INFO - ============================================================
2025-11-13 14:05:35,324 - INFO - ğŸ”§ ä½¿ç”¨å·¥å…· | Using tool: parallel-fastq-dump (å¤šçº¿ç¨‹åŠ é€Ÿ) | (multi-threaded)
2025-11-13 14:05:35,324 - INFO - ğŸ§µ çº¿ç¨‹æ•° | Threads: 80
2025-11-13 14:05:35,324 - INFO - ğŸš€ æ‰§è¡Œæ­¥éª¤ | Executing step: è½¬æ¢SRAæ–‡ä»¶ | Converting SRA file: SRR1028184
2025-11-13 14:05:35,324 - INFO - ğŸ“‹ å‘½ä»¤ | Command: parallel-fastq-dump --sra-id /share/org/YZWL/yzwl_lixg/project/21.é‡ç”Ÿå¤§è±†ç¾¤ä½“/01.data/raw/ç¬¬å››æ‰¹/sra/SRR1028184 --threads 80 --outdir /share/org/YZWL/yzwl_lixg/project/21.é‡ç”Ÿå¤§è±†ç¾¤ä½“/01.data/raw/ç¬¬å››æ‰¹/fastq --split-files --gzip --skip-technical
2025-11-13 14:05:47,669 - INFO - âœ… å‘½ä»¤æ‰§è¡ŒæˆåŠŸ | Command executed successfully
2025-11-13 14:05:47,669 - INFO - âœ… å®Œæˆ | Completed: SRR1028184
2025-11-13 14:05:47,669 - INFO - ğŸ”„ æ€»è¿›åº¦ | Overall Progress: [41/56]
2025-11-13 14:05:47,669 - INFO - ============================================================
2025-11-13 14:05:47,669 - INFO - ğŸ“¦ å¤„ç†æ–‡ä»¶ | Processing file: SRR1028185
2025-11-13 14:05:47,670 - INFO - ============================================================
2025-11-13 14:05:47,670 - INFO - ğŸ”§ ä½¿ç”¨å·¥å…· | Using tool: parallel-fastq-dump (å¤šçº¿ç¨‹åŠ é€Ÿ) | (multi-threaded)
2025-11-13 14:05:47,670 - INFO - ğŸ§µ çº¿ç¨‹æ•° | Threads: 80
2025-11-13 14:05:47,670 - INFO - ğŸš€ æ‰§è¡Œæ­¥éª¤ | Executing step: è½¬æ¢SRAæ–‡ä»¶ | Converting SRA file: SRR1028185
2025-11-13 14:05:47,670 - INFO - ğŸ“‹ å‘½ä»¤ | Command: parallel-fastq-dump --sra-id /share/org/YZWL/yzwl_lixg/project/21.é‡ç”Ÿå¤§è±†ç¾¤ä½“/01.data/raw/ç¬¬å››æ‰¹/sra/SRR1028185 --threads 80 --outdir /share/org/YZWL/yzwl_lixg/project/21.é‡ç”Ÿå¤§è±†ç¾¤ä½“/01.data/raw/ç¬¬å››æ‰¹/fastq --split-files --gzip --skip-technical
2025-11-13 14:06:00,345 - INFO - âœ… å‘½ä»¤æ‰§è¡ŒæˆåŠŸ | Command executed successfully
2025-11-13 14:06:00,345 - INFO - âœ… å®Œæˆ | Completed: SRR1028185
2025-11-13 14:06:00,345 - INFO - ğŸ”„ æ€»è¿›åº¦ | Overall Progress: [42/56]
2025-11-13 14:06:00,345 - INFO - ============================================================
2025-11-13 14:06:00,345 - INFO - ğŸ“¦ å¤„ç†æ–‡ä»¶ | Processing file: SRR1028186
2025-11-13 14:06:00,345 - INFO - ============================================================
2025-11-13 14:06:00,345 - INFO - ğŸ”§ ä½¿ç”¨å·¥å…· | Using tool: parallel-fastq-dump (å¤šçº¿ç¨‹åŠ é€Ÿ) | (multi-threaded)
2025-11-13 14:06:00,345 - INFO - ğŸ§µ çº¿ç¨‹æ•° | Threads: 80
2025-11-13 14:06:00,345 - INFO - ğŸš€ æ‰§è¡Œæ­¥éª¤ | Executing step: è½¬æ¢SRAæ–‡ä»¶ | Converting SRA file: SRR1028186
2025-11-13 14:06:00,345 - INFO - ğŸ“‹ å‘½ä»¤ | Command: parallel-fastq-dump --sra-id /share/org/YZWL/yzwl_lixg/project/21.é‡ç”Ÿå¤§è±†ç¾¤ä½“/01.data/raw/ç¬¬å››æ‰¹/sra/SRR1028186 --threads 80 --outdir /share/org/YZWL/yzwl_lixg/project/21.é‡ç”Ÿå¤§è±†ç¾¤ä½“/01.data/raw/ç¬¬å››æ‰¹/fastq --split-files --gzip --skip-technical
2025-11-13 14:06:13,729 - INFO - âœ… å‘½ä»¤æ‰§è¡ŒæˆåŠŸ | Command executed successfully
2025-11-13 14:06:13,729 - INFO - âœ… å®Œæˆ | Completed: SRR1028186
2025-11-13 14:06:13,729 - INFO - ğŸ”„ æ€»è¿›åº¦ | Overall Progress: [43/56]
2025-11-13 14:06:13,729 - INFO - ============================================================
2025-11-13 14:06:13,729 - INFO - ğŸ“¦ å¤„ç†æ–‡ä»¶ | Processing file: SRR1028187
2025-11-13 14:06:13,729 - INFO - ============================================================
2025-11-13 14:06:13,730 - INFO - ğŸ”§ ä½¿ç”¨å·¥å…· | Using tool: parallel-fastq-dump (å¤šçº¿ç¨‹åŠ é€Ÿ) | (multi-threaded)
2025-11-13 14:06:13,730 - INFO - ğŸ§µ çº¿ç¨‹æ•° | Threads: 80
2025-11-13 14:06:13,730 - INFO - ğŸš€ æ‰§è¡Œæ­¥éª¤ | Executing step: è½¬æ¢SRAæ–‡ä»¶ | Converting SRA file: SRR1028187
2025-11-13 14:06:13,730 - INFO - ğŸ“‹ å‘½ä»¤ | Command: parallel-fastq-dump --sra-id /share/org/YZWL/yzwl_lixg/project/21.é‡ç”Ÿå¤§è±†ç¾¤ä½“/01.data/raw/ç¬¬å››æ‰¹/sra/SRR1028187 --threads 80 --outdir /share/org/YZWL/yzwl_lixg/project/21.é‡ç”Ÿå¤§è±†ç¾¤ä½“/01.data/raw/ç¬¬å››æ‰¹/fastq --split-files --gzip --skip-technical
2025-11-13 14:06:28,605 - INFO - âœ… å‘½ä»¤æ‰§è¡ŒæˆåŠŸ | Command executed successfully
2025-11-13 14:06:28,605 - INFO - âœ… å®Œæˆ | Completed: SRR1028187
2025-11-13 14:06:28,605 - INFO - ğŸ”„ æ€»è¿›åº¦ | Overall Progress: [44/56]
2025-11-13 14:06:28,605 - INFO - ============================================================
2025-11-13 14:06:28,605 - INFO - ğŸ“¦ å¤„ç†æ–‡ä»¶ | Processing file: SRR1028188
2025-11-13 14:06:28,605 - INFO - ============================================================
2025-11-13 14:06:28,605 - INFO - ğŸ”§ ä½¿ç”¨å·¥å…· | Using tool: parallel-fastq-dump (å¤šçº¿ç¨‹åŠ é€Ÿ) | (multi-threaded)
2025-11-13 14:06:28,605 - INFO - ğŸ§µ çº¿ç¨‹æ•° | Threads: 80
2025-11-13 14:06:28,605 - INFO - ğŸš€ æ‰§è¡Œæ­¥éª¤ | Executing step: è½¬æ¢SRAæ–‡ä»¶ | Converting SRA file: SRR1028188
2025-11-13 14:06:28,605 - INFO - ğŸ“‹ å‘½ä»¤ | Command: parallel-fastq-dump --sra-id /share/org/YZWL/yzwl_lixg/project/21.é‡ç”Ÿå¤§è±†ç¾¤ä½“/01.data/raw/ç¬¬å››æ‰¹/sra/SRR1028188 --threads 80 --outdir /share/org/YZWL/yzwl_lixg/project/21.é‡ç”Ÿå¤§è±†ç¾¤ä½“/01.data/raw/ç¬¬å››æ‰¹/fastq --split-files --gzip --skip-technical
2025-11-13 14:06:40,723 - INFO - âœ… å‘½ä»¤æ‰§è¡ŒæˆåŠŸ | Command executed successfully
2025-11-13 14:06:40,723 - INFO - âœ… å®Œæˆ | Completed: SRR1028188
2025-11-13 14:06:40,723 - INFO - ğŸ”„ æ€»è¿›åº¦ | Overall Progress: [45/56]
2025-11-13 14:06:40,723 - INFO - ============================================================
2025-11-13 14:06:40,723 - INFO - ğŸ“¦ å¤„ç†æ–‡ä»¶ | Processing file: SRR1028189
2025-11-13 14:06:40,723 - INFO - ============================================================
2025-11-13 14:06:40,723 - INFO - ğŸ”§ ä½¿ç”¨å·¥å…· | Using tool: parallel-fastq-dump (å¤šçº¿ç¨‹åŠ é€Ÿ) | (multi-threaded)
2025-11-13 14:06:40,723 - INFO - ğŸ§µ çº¿ç¨‹æ•° | Threads: 80
2025-11-13 14:06:40,724 - INFO - ğŸš€ æ‰§è¡Œæ­¥éª¤ | Executing step: è½¬æ¢SRAæ–‡ä»¶ | Converting SRA file: SRR1028189
2025-11-13 14:06:40,724 - INFO - ğŸ“‹ å‘½ä»¤ | Command: parallel-fastq-dump --sra-id /share/org/YZWL/yzwl_lixg/project/21.é‡ç”Ÿå¤§è±†ç¾¤ä½“/01.data/raw/ç¬¬å››æ‰¹/sra/SRR1028189 --threads 80 --outdir /share/org/YZWL/yzwl_lixg/project/21.é‡ç”Ÿå¤§è±†ç¾¤ä½“/01.data/raw/ç¬¬å››æ‰¹/fastq --split-files --gzip --skip-technical
2025-11-13 14:06:56,235 - INFO - âœ… å‘½ä»¤æ‰§è¡ŒæˆåŠŸ | Command executed successfully
2025-11-13 14:06:56,235 - INFO - âœ… å®Œæˆ | Completed: SRR1028189
2025-11-13 14:06:56,235 - INFO - ğŸ”„ æ€»è¿›åº¦ | Overall Progress: [46/56]
2025-11-13 14:06:56,235 - INFO - ============================================================
2025-11-13 14:06:56,235 - INFO - ğŸ“¦ å¤„ç†æ–‡ä»¶ | Processing file: SRR1028190
2025-11-13 14:06:56,235 - INFO - ============================================================
2025-11-13 14:06:56,235 - INFO - ğŸ”§ ä½¿ç”¨å·¥å…· | Using tool: parallel-fastq-dump (å¤šçº¿ç¨‹åŠ é€Ÿ) | (multi-threaded)
2025-11-13 14:06:56,235 - INFO - ğŸ§µ çº¿ç¨‹æ•° | Threads: 80
2025-11-13 14:06:56,235 - INFO - ğŸš€ æ‰§è¡Œæ­¥éª¤ | Executing step: è½¬æ¢SRAæ–‡ä»¶ | Converting SRA file: SRR1028190
2025-11-13 14:06:56,235 - INFO - ğŸ“‹ å‘½ä»¤ | Command: parallel-fastq-dump --sra-id /share/org/YZWL/yzwl_lixg/project/21.é‡ç”Ÿå¤§è±†ç¾¤ä½“/01.data/raw/ç¬¬å››æ‰¹/sra/SRR1028190 --threads 80 --outdir /share/org/YZWL/yzwl_lixg/project/21.é‡ç”Ÿå¤§è±†ç¾¤ä½“/01.data/raw/ç¬¬å››æ‰¹/fastq --split-files --gzip --skip-technical
2025-11-13 14:07:09,808 - INFO - âœ… å‘½ä»¤æ‰§è¡ŒæˆåŠŸ | Command executed successfully
2025-11-13 14:07:09,808 - INFO - âœ… å®Œæˆ | Completed: SRR1028190
2025-11-13 14:07:09,808 - INFO - ğŸ”„ æ€»è¿›åº¦ | Overall Progress: [47/56]
2025-11-13 14:07:09,808 - INFO - ============================================================
2025-11-13 14:07:09,808 - INFO - ğŸ“¦ å¤„ç†æ–‡ä»¶ | Processing file: SRR1028191
2025-11-13 14:07:09,808 - INFO - ============================================================
2025-11-13 14:07:09,808 - INFO - ğŸ”§ ä½¿ç”¨å·¥å…· | Using tool: parallel-fastq-dump (å¤šçº¿ç¨‹åŠ é€Ÿ) | (multi-threaded)
2025-11-13 14:07:09,808 - INFO - ğŸ§µ çº¿ç¨‹æ•° | Threads: 80
2025-11-13 14:07:09,808 - INFO - ğŸš€ æ‰§è¡Œæ­¥éª¤ | Executing step: è½¬æ¢SRAæ–‡ä»¶ | Converting SRA file: SRR1028191
2025-11-13 14:07:09,808 - INFO - ğŸ“‹ å‘½ä»¤ | Command: parallel-fastq-dump --sra-id /share/org/YZWL/yzwl_lixg/project/21.é‡ç”Ÿå¤§è±†ç¾¤ä½“/01.data/raw/ç¬¬å››æ‰¹/sra/SRR1028191 --threads 80 --outdir /share/org/YZWL/yzwl_lixg/project/21.é‡ç”Ÿå¤§è±†ç¾¤ä½“/01.data/raw/ç¬¬å››æ‰¹/fastq --split-files --gzip --skip-technical
2025-11-13 14:07:25,361 - INFO - âœ… å‘½ä»¤æ‰§è¡ŒæˆåŠŸ | Command executed successfully
2025-11-13 14:07:25,361 - INFO - âœ… å®Œæˆ | Completed: SRR1028191
2025-11-13 14:07:25,361 - INFO - ğŸ”„ æ€»è¿›åº¦ | Overall Progress: [48/56]
2025-11-13 14:07:25,361 - INFO - ============================================================
2025-11-13 14:07:25,361 - INFO - ğŸ“¦ å¤„ç†æ–‡ä»¶ | Processing file: SRR1028192
2025-11-13 14:07:25,361 - INFO - ============================================================
2025-11-13 14:07:25,361 - INFO - ğŸ”§ ä½¿ç”¨å·¥å…· | Using tool: parallel-fastq-dump (å¤šçº¿ç¨‹åŠ é€Ÿ) | (multi-threaded)
2025-11-13 14:07:25,361 - INFO - ğŸ§µ çº¿ç¨‹æ•° | Threads: 80
2025-11-13 14:07:25,361 - INFO - ğŸš€ æ‰§è¡Œæ­¥éª¤ | Executing step: è½¬æ¢SRAæ–‡ä»¶ | Converting SRA file: SRR1028192
2025-11-13 14:07:25,362 - INFO - ğŸ“‹ å‘½ä»¤ | Command: parallel-fastq-dump --sra-id /share/org/YZWL/yzwl_lixg/project/21.é‡ç”Ÿå¤§è±†ç¾¤ä½“/01.data/raw/ç¬¬å››æ‰¹/sra/SRR1028192 --threads 80 --outdir /share/org/YZWL/yzwl_lixg/project/21.é‡ç”Ÿå¤§è±†ç¾¤ä½“/01.data/raw/ç¬¬å››æ‰¹/fastq --split-files --gzip --skip-technical
2025-11-13 14:07:38,550 - INFO - âœ… å‘½ä»¤æ‰§è¡ŒæˆåŠŸ | Command executed successfully
2025-11-13 14:07:38,550 - INFO - âœ… å®Œæˆ | Completed: SRR1028192
2025-11-13 14:07:38,550 - INFO - ğŸ”„ æ€»è¿›åº¦ | Overall Progress: [49/56]
2025-11-13 14:07:38,550 - INFO - ============================================================
2025-11-13 14:07:38,550 - INFO - ğŸ“¦ å¤„ç†æ–‡ä»¶ | Processing file: SRR1030612
2025-11-13 14:07:38,550 - INFO - ============================================================
2025-11-13 14:07:38,550 - INFO - ğŸ”§ ä½¿ç”¨å·¥å…· | Using tool: parallel-fastq-dump (å¤šçº¿ç¨‹åŠ é€Ÿ) | (multi-threaded)
2025-11-13 14:07:38,550 - INFO - ğŸ§µ çº¿ç¨‹æ•° | Threads: 80
2025-11-13 14:07:38,550 - INFO - ğŸš€ æ‰§è¡Œæ­¥éª¤ | Executing step: è½¬æ¢SRAæ–‡ä»¶ | Converting SRA file: SRR1030612
2025-11-13 14:07:38,550 - INFO - ğŸ“‹ å‘½ä»¤ | Command: parallel-fastq-dump --sra-id /share/org/YZWL/yzwl_lixg/project/21.é‡ç”Ÿå¤§è±†ç¾¤ä½“/01.data/raw/ç¬¬å››æ‰¹/sra/SRR1030612 --threads 80 --outdir /share/org/YZWL/yzwl_lixg/project/21.é‡ç”Ÿå¤§è±†ç¾¤ä½“/01.data/raw/ç¬¬å››æ‰¹/fastq --split-files --gzip --skip-technical
2025-11-13 14:11:37,191 - INFO - âœ… å‘½ä»¤æ‰§è¡ŒæˆåŠŸ | Command executed successfully
2025-11-13 14:11:37,214 - INFO - âœ… å®Œæˆ | Completed: SRR1030612
2025-11-13 14:11:37,214 - INFO - ğŸ”„ æ€»è¿›åº¦ | Overall Progress: [50/56]
2025-11-13 14:11:37,214 - INFO - ============================================================
2025-11-13 14:11:37,214 - INFO - ğŸ“¦ å¤„ç†æ–‡ä»¶ | Processing file: SRR1030613
2025-11-13 14:11:37,214 - INFO - ============================================================
2025-11-13 14:11:37,214 - INFO - ğŸ”§ ä½¿ç”¨å·¥å…· | Using tool: parallel-fastq-dump (å¤šçº¿ç¨‹åŠ é€Ÿ) | (multi-threaded)
2025-11-13 14:11:37,214 - INFO - ğŸ§µ çº¿ç¨‹æ•° | Threads: 80
2025-11-13 14:11:37,214 - INFO - ğŸš€ æ‰§è¡Œæ­¥éª¤ | Executing step: è½¬æ¢SRAæ–‡ä»¶ | Converting SRA file: SRR1030613
2025-11-13 14:11:37,214 - INFO - ğŸ“‹ å‘½ä»¤ | Command: parallel-fastq-dump --sra-id /share/org/YZWL/yzwl_lixg/project/21.é‡ç”Ÿå¤§è±†ç¾¤ä½“/01.data/raw/ç¬¬å››æ‰¹/sra/SRR1030613 --threads 80 --outdir /share/org/YZWL/yzwl_lixg/project/21.é‡ç”Ÿå¤§è±†ç¾¤ä½“/01.data/raw/ç¬¬å››æ‰¹/fastq --split-files --gzip --skip-technical
2025-11-13 14:14:38,879 - INFO - âœ… å‘½ä»¤æ‰§è¡ŒæˆåŠŸ | Command executed successfully
2025-11-13 14:14:38,880 - INFO - âœ… å®Œæˆ | Completed: SRR1030613
2025-11-13 14:14:38,880 - INFO - ğŸ”„ æ€»è¿›åº¦ | Overall Progress: [51/56]
2025-11-13 14:14:38,880 - INFO - ============================================================
2025-11-13 14:14:38,880 - INFO - ğŸ“¦ å¤„ç†æ–‡ä»¶ | Processing file: SRR2163336
2025-11-13 14:14:38,880 - INFO - ============================================================
2025-11-13 14:14:38,880 - INFO - ğŸ”§ ä½¿ç”¨å·¥å…· | Using tool: parallel-fastq-dump (å¤šçº¿ç¨‹åŠ é€Ÿ) | (multi-threaded)
2025-11-13 14:14:38,880 - INFO - ğŸ§µ çº¿ç¨‹æ•° | Threads: 80
2025-11-13 14:14:38,880 - INFO - ğŸš€ æ‰§è¡Œæ­¥éª¤ | Executing step: è½¬æ¢SRAæ–‡ä»¶ | Converting SRA file: SRR2163336
2025-11-13 14:14:38,880 - INFO - ğŸ“‹ å‘½ä»¤ | Command: parallel-fastq-dump --sra-id /share/org/YZWL/yzwl_lixg/project/21.é‡ç”Ÿå¤§è±†ç¾¤ä½“/01.data/raw/ç¬¬å››æ‰¹/sra/SRR2163336 --threads 80 --outdir /share/org/YZWL/yzwl_lixg/project/21.é‡ç”Ÿå¤§è±†ç¾¤ä½“/01.data/raw/ç¬¬å››æ‰¹/fastq --split-files --gzip --skip-technical
2025-11-13 14:15:45,131 - INFO - âœ… å‘½ä»¤æ‰§è¡ŒæˆåŠŸ | Command executed successfully
2025-11-13 14:15:45,131 - INFO - âœ… å®Œæˆ | Completed: SRR2163336
2025-11-13 14:15:45,131 - INFO - ğŸ”„ æ€»è¿›åº¦ | Overall Progress: [52/56]
2025-11-13 14:15:45,131 - INFO - ============================================================
2025-11-13 14:15:45,145 - INFO - ğŸ“¦ å¤„ç†æ–‡ä»¶ | Processing file: SRR2163354
2025-11-13 14:15:45,145 - INFO - ============================================================
2025-11-13 14:15:45,145 - INFO - ğŸ”§ ä½¿ç”¨å·¥å…· | Using tool: parallel-fastq-dump (å¤šçº¿ç¨‹åŠ é€Ÿ) | (multi-threaded)
2025-11-13 14:15:45,145 - INFO - ğŸ§µ çº¿ç¨‹æ•° | Threads: 80
2025-11-13 14:15:45,145 - INFO - ğŸš€ æ‰§è¡Œæ­¥éª¤ | Executing step: è½¬æ¢SRAæ–‡ä»¶ | Converting SRA file: SRR2163354
2025-11-13 14:15:45,145 - INFO - ğŸ“‹ å‘½ä»¤ | Command: parallel-fastq-dump --sra-id /share/org/YZWL/yzwl_lixg/project/21.é‡ç”Ÿå¤§è±†ç¾¤ä½“/01.data/raw/ç¬¬å››æ‰¹/sra/SRR2163354 --threads 80 --outdir /share/org/YZWL/yzwl_lixg/project/21.é‡ç”Ÿå¤§è±†ç¾¤ä½“/01.data/raw/ç¬¬å››æ‰¹/fastq --split-files --gzip --skip-technical
2025-11-13 14:16:52,516 - INFO - âœ… å‘½ä»¤æ‰§è¡ŒæˆåŠŸ | Command executed successfully
2025-11-13 14:16:52,516 - INFO - âœ… å®Œæˆ | Completed: SRR2163354
2025-11-13 14:16:52,516 - INFO - ğŸ”„ æ€»è¿›åº¦ | Overall Progress: [53/56]
2025-11-13 14:16:52,516 - INFO - ============================================================
2025-11-13 14:16:52,516 - INFO - ğŸ“¦ å¤„ç†æ–‡ä»¶ | Processing file: SRR7058589
2025-11-13 14:16:52,516 - INFO - ============================================================
2025-11-13 14:16:52,516 - INFO - ğŸ”§ ä½¿ç”¨å·¥å…· | Using tool: parallel-fastq-dump (å¤šçº¿ç¨‹åŠ é€Ÿ) | (multi-threaded)
2025-11-13 14:16:52,516 - INFO - ğŸ§µ çº¿ç¨‹æ•° | Threads: 80
2025-11-13 14:16:52,516 - INFO - ğŸš€ æ‰§è¡Œæ­¥éª¤ | Executing step: è½¬æ¢SRAæ–‡ä»¶ | Converting SRA file: SRR7058589
2025-11-13 14:16:52,516 - INFO - ğŸ“‹ å‘½ä»¤ | Command: parallel-fastq-dump --sra-id /share/org/YZWL/yzwl_lixg/project/21.é‡ç”Ÿå¤§è±†ç¾¤ä½“/01.data/raw/ç¬¬å››æ‰¹/sra/SRR7058589 --threads 80 --outdir /share/org/YZWL/yzwl_lixg/project/21.é‡ç”Ÿå¤§è±†ç¾¤ä½“/01.data/raw/ç¬¬å››æ‰¹/fastq --split-files --gzip --skip-technical
2025-11-13 14:19:23,869 - INFO - âœ… å‘½ä»¤æ‰§è¡ŒæˆåŠŸ | Command executed successfully
2025-11-13 14:19:23,890 - INFO - âœ… å®Œæˆ | Completed: SRR7058589
2025-11-13 14:19:23,890 - INFO - ğŸ”„ æ€»è¿›åº¦ | Overall Progress: [54/56]
2025-11-13 14:19:23,890 - INFO - ============================================================
2025-11-13 14:19:23,890 - INFO - ğŸ“¦ å¤„ç†æ–‡ä»¶ | Processing file: SRR7058590
2025-11-13 14:19:23,890 - INFO - ============================================================
2025-11-13 14:19:23,890 - INFO - ğŸ”§ ä½¿ç”¨å·¥å…· | Using tool: parallel-fastq-dump (å¤šçº¿ç¨‹åŠ é€Ÿ) | (multi-threaded)
2025-11-13 14:19:23,890 - INFO - ğŸ§µ çº¿ç¨‹æ•° | Threads: 80
2025-11-13 14:19:23,890 - INFO - ğŸš€ æ‰§è¡Œæ­¥éª¤ | Executing step: è½¬æ¢SRAæ–‡ä»¶ | Converting SRA file: SRR7058590
2025-11-13 14:19:23,890 - INFO - ğŸ“‹ å‘½ä»¤ | Command: parallel-fastq-dump --sra-id /share/org/YZWL/yzwl_lixg/project/21.é‡ç”Ÿå¤§è±†ç¾¤ä½“/01.data/raw/ç¬¬å››æ‰¹/sra/SRR7058590 --threads 80 --outdir /share/org/YZWL/yzwl_lixg/project/21.é‡ç”Ÿå¤§è±†ç¾¤ä½“/01.data/raw/ç¬¬å››æ‰¹/fastq --split-files --gzip --skip-technical
2025-11-13 14:21:42,790 - INFO - âœ… å‘½ä»¤æ‰§è¡ŒæˆåŠŸ | Command executed successfully
2025-11-13 14:21:42,791 - INFO - âœ… å®Œæˆ | Completed: SRR7058590
2025-11-13 14:21:42,791 - INFO - ğŸ”„ æ€»è¿›åº¦ | Overall Progress: [55/56]
2025-11-13 14:21:42,791 - INFO - ============================================================
2025-11-13 14:21:42,791 - INFO - ğŸ“¦ å¤„ç†æ–‡ä»¶ | Processing file: SRR7058591
2025-11-13 14:21:42,791 - INFO - ============================================================
2025-11-13 14:21:42,791 - INFO - ğŸ”§ ä½¿ç”¨å·¥å…· | Using tool: parallel-fastq-dump (å¤šçº¿ç¨‹åŠ é€Ÿ) | (multi-threaded)
2025-11-13 14:21:42,791 - INFO - ğŸ§µ çº¿ç¨‹æ•° | Threads: 80
2025-11-13 14:21:42,791 - INFO - ğŸš€ æ‰§è¡Œæ­¥éª¤ | Executing step: è½¬æ¢SRAæ–‡ä»¶ | Converting SRA file: SRR7058591
2025-11-13 14:21:42,791 - INFO - ğŸ“‹ å‘½ä»¤ | Command: parallel-fastq-dump --sra-id /share/org/YZWL/yzwl_lixg/project/21.é‡ç”Ÿå¤§è±†ç¾¤ä½“/01.data/raw/ç¬¬å››æ‰¹/sra/SRR7058591 --threads 80 --outdir /share/org/YZWL/yzwl_lixg/project/21.é‡ç”Ÿå¤§è±†ç¾¤ä½“/01.data/raw/ç¬¬å››æ‰¹/fastq --split-files --gzip --skip-technical
2025-11-13 14:24:17,518 - INFO - âœ… å‘½ä»¤æ‰§è¡ŒæˆåŠŸ | Command executed successfully
2025-11-13 14:24:17,518 - INFO - âœ… å®Œæˆ | Completed: SRR7058591
2025-11-13 14:24:17,518 - INFO - ğŸ”„ æ€»è¿›åº¦ | Overall Progress: [56/56]
2025-11-13 14:24:17,518 - INFO - ============================================================
2025-11-13 14:24:17,518 - INFO - ğŸ“¦ å¤„ç†æ–‡ä»¶ | Processing file: SRR7058592
2025-11-13 14:24:17,518 - INFO - ============================================================
2025-11-13 14:24:17,518 - INFO - ğŸ”§ ä½¿ç”¨å·¥å…· | Using tool: parallel-fastq-dump (å¤šçº¿ç¨‹åŠ é€Ÿ) | (multi-threaded)
2025-11-13 14:24:17,518 - INFO - ğŸ§µ çº¿ç¨‹æ•° | Threads: 80
2025-11-13 14:24:17,518 - INFO - ğŸš€ æ‰§è¡Œæ­¥éª¤ | Executing step: è½¬æ¢SRAæ–‡ä»¶ | Converting SRA file: SRR7058592
2025-11-13 14:24:17,518 - INFO - ğŸ“‹ å‘½ä»¤ | Command: parallel-fastq-dump --sra-id /share/org/YZWL/yzwl_lixg/project/21.é‡ç”Ÿå¤§è±†ç¾¤ä½“/01.data/raw/ç¬¬å››æ‰¹/sra/SRR7058592 --threads 80 --outdir /share/org/YZWL/yzwl_lixg/project/21.é‡ç”Ÿå¤§è±†ç¾¤ä½“/01.data/raw/ç¬¬å››æ‰¹/fastq --split-files --gzip --skip-technical
2025-11-13 14:26:19,877 - INFO - âœ… å‘½ä»¤æ‰§è¡ŒæˆåŠŸ | Command executed successfully
2025-11-13 14:26:19,883 - INFO - âœ… å®Œæˆ | Completed: SRR7058592
2025-11-13 14:26:19,883 - INFO - ğŸ“Š ç”Ÿæˆè½¬æ¢æŠ¥å‘Š | Generating conversion report...
2025-11-13 14:26:19,939 - INFO - ğŸ“Š è½¬æ¢æ‘˜è¦å·²ç”Ÿæˆ | Summary report generated: fastq/conversion_summary.txt
2025-11-13 14:26:19,939 - INFO - ================================================================================
2025-11-13 14:26:19,939 - INFO - ğŸ‰ è½¬æ¢æµç¨‹å®Œæˆ | Conversion Pipeline Completed
2025-11-13 14:26:19,939 - INFO - ================================================================================
2025-11-13 14:26:19,939 - INFO - â±ï¸  æ€»è€—æ—¶ | Duration: 4105.2 ç§’ | seconds
2025-11-13 14:26:19,939 - INFO - âœ… æˆåŠŸ: 50 | Success: 50
2025-11-13 14:26:19,939 - INFO - âŒ å¤±è´¥: 6 | Failed: 6
2025-11-13 14:26:19,939 - INFO - ğŸ“ ç»“æœä¿å­˜åœ¨ | Results saved in: /share/org/YZWL/yzwl_lixg/project/21.é‡ç”Ÿå¤§è±†ç¾¤ä½“/01.data/raw/ç¬¬å››æ‰¹/fastq
