2025-11-13 13:15:47,021 - INFO - ================================================================================
2025-11-13 13:15:47,021 - INFO - ğŸš€ å¼€å§‹SRAè½¬FASTQè½¬æ¢æµç¨‹ | Starting SRA to FASTQ Conversion Pipeline
2025-11-13 13:15:47,021 - INFO - ================================================================================
2025-11-13 13:15:47,021 - INFO - ğŸ” æ£€æŸ¥ä¾èµ–è½¯ä»¶ | Checking dependencies
2025-11-13 13:15:49,184 - INFO - âœ… parallel-fastq-dump å¯ç”¨ (æ¨è) | available (recommended)
2025-11-13 13:15:49,185 - INFO -    ç‰ˆæœ¬ | Version: fastq-dump : 3.2.1

parallel-fastq-dump : 0.6.7
2025-11-13 13:15:49,206 - INFO - âœ… fastq-dump å¯ç”¨ (å¤‡é€‰) | available (fallback)
2025-11-13 13:15:49,206 - INFO - ğŸ“‹ è½¬æ¢é…ç½® | Conversion Configuration:
2025-11-13 13:15:49,206 - INFO -   è¾“å…¥è·¯å¾„ | Input: /share/org/YZWL/yzwl_lixg/project/21.é‡ç”Ÿå¤§è±†ç¾¤ä½“/01.data/raw/ç¬¬å››æ‰¹/sra
2025-11-13 13:15:49,206 - INFO -   è¾“å‡ºç›®å½• | Output: /share/org/YZWL/yzwl_lixg/project/21.é‡ç”Ÿå¤§è±†ç¾¤ä½“/01.data/raw/ç¬¬å››æ‰¹/fastq
2025-11-13 13:15:49,206 - INFO -   æ–‡ä»¶æ•°é‡ | Files: 56
2025-11-13 13:15:49,206 - INFO -   è½¬æ¢å·¥å…· | Tool: parallel-fastq-dump âš¡ (æ¨è)
2025-11-13 13:15:49,206 - INFO -   çº¿ç¨‹æ•° | Threads: 80
2025-11-13 13:15:49,206 - INFO -   å‹ç¼©è¾“å‡º | Compress: True
2025-11-13 13:15:49,206 - INFO - ğŸ”„ å¼€å§‹æ‰¹é‡è½¬æ¢ | Starting batch conversion...
2025-11-13 13:15:49,206 - INFO - ğŸ“Š å…±æ‰¾åˆ° 56 ä¸ªSRAæ–‡ä»¶ | Found 56 SRA files
2025-11-13 13:15:49,206 - INFO - ğŸ”„ æ€»è¿›åº¦ | Overall Progress: [1/56]
2025-11-13 13:15:49,206 - INFO - ============================================================
2025-11-13 13:15:49,206 - INFO - ğŸ“¦ å¤„ç†æ–‡ä»¶ | Processing file: ERR3184267
2025-11-13 13:15:49,206 - INFO - ============================================================
2025-11-13 13:15:49,206 - INFO - ğŸ”§ ä½¿ç”¨å·¥å…· | Using tool: parallel-fastq-dump (å¤šçº¿ç¨‹åŠ é€Ÿ) | (multi-threaded)
2025-11-13 13:15:49,206 - INFO - ğŸ§µ çº¿ç¨‹æ•° | Threads: 80
2025-11-13 13:15:49,206 - INFO - ğŸš€ æ‰§è¡Œæ­¥éª¤ | Executing step: è½¬æ¢SRAæ–‡ä»¶ | Converting SRA file: ERR3184267
2025-11-13 13:15:49,206 - INFO - ğŸ“‹ å‘½ä»¤ | Command: parallel-fastq-dump --sra-id /share/org/YZWL/yzwl_lixg/project/21.é‡ç”Ÿå¤§è±†ç¾¤ä½“/01.data/raw/ç¬¬å››æ‰¹/sra/ERR3184267 --threads 80 --outdir /share/org/YZWL/yzwl_lixg/project/21.é‡ç”Ÿå¤§è±†ç¾¤ä½“/01.data/raw/ç¬¬å››æ‰¹/fastq --split-files --gzip --skip-technical
2025-11-13 13:15:49,420 - ERROR - âŒ å‘½ä»¤æ‰§è¡Œå¤±è´¥ | Command execution failed: è½¬æ¢SRAæ–‡ä»¶ | Converting SRA file: ERR3184267
2025-11-13 13:15:49,420 - ERROR - é”™è¯¯ä»£ç  | Error code: 1
2025-11-13 13:15:49,420 - ERROR - é”™è¯¯ä¿¡æ¯ | Error message: 2025-11-13 13:15:49,237 - SRR ids: ['/share/org/YZWL/yzwl_lixg/project/21.é‡ç”Ÿå¤§è±†ç¾¤ä½“/01.data/raw/ç¬¬å››æ‰¹/sra/ERR3184267']
2025-11-13 13:15:49,237 - extra args: ['--split-files', '--gzip', '--skip-technical']
2025-11-13 13:15:49,237 - tempdir: /tmp/pfd_55smwaws
2025-11-13 13:15:49,237 - CMD: sra-stat --meta --quick /share/org/YZWL/yzwl_lixg/project/21.é‡ç”Ÿå¤§è±†ç¾¤ä½“/01.data/raw/ç¬¬å››æ‰¹/sra/ERR3184267
Traceback (most recent call last):
  File "/share/org/YZWL/yzwl_lixg/.local/bin/parallel-fastq-dump", line 116, in get_spot_count
    total += int(l.split('|')[2].split(':')[0])
                 ~~~~~~~~~~~~^^^
IndexError: list index out of range

During handling of the above exception, another exception occurred:

Traceback (most recent call last):
  File "/share/org/YZWL/yzwl_lixg/.local/bin/parallel-fastq-dump", line 181, in <module>
    main()
    ~~~~^^
  File "/share/org/YZWL/yzwl_lixg/.local/bin/parallel-fastq-dump", line 175, in main
    pfd(args, si, extra_args)
    ~~~^^^^^^^^^^^^^^^^^^^^^^
  File "/share/org/YZWL/yzwl_lixg/.local/bin/parallel-fastq-dump", line 49, in pfd
    n_spots = get_spot_count(srr_id)
  File "/share/org/YZWL/yzwl_lixg/.local/bin/parallel-fastq-dump", line 122, in get_spot_count
    raise IndexError(msg.format('\n'.join(txt), '\n'.join(etxt)))
IndexError: sra-stat output parsing error!
--sra-stat STDOUT--

--sra-stat STDERR--
2025-11-13T05:15:49 sra-stat.3.2.1 int: path incorrect while opening manager within database module - '/share/org/YZWL/yzwl_lixg/project/21.é‡ç”Ÿå¤§è±†ç¾¤ä½“/01.data/raw/ç¬¬å››æ‰¹/sra/ERR3184267'

2025-11-13 13:15:49,423 - ERROR - âŒ å¤±è´¥ | Failed: ERR3184267
2025-11-13 13:15:49,424 - INFO - ğŸ”„ æ€»è¿›åº¦ | Overall Progress: [2/56]
2025-11-13 13:15:49,424 - INFO - ============================================================
2025-11-13 13:15:49,424 - INFO - ğŸ“¦ å¤„ç†æ–‡ä»¶ | Processing file: ERR3184268
2025-11-13 13:15:49,424 - INFO - ============================================================
2025-11-13 13:15:49,424 - INFO - ğŸ”§ ä½¿ç”¨å·¥å…· | Using tool: parallel-fastq-dump (å¤šçº¿ç¨‹åŠ é€Ÿ) | (multi-threaded)
2025-11-13 13:15:49,424 - INFO - ğŸ§µ çº¿ç¨‹æ•° | Threads: 80
2025-11-13 13:15:49,424 - INFO - ğŸš€ æ‰§è¡Œæ­¥éª¤ | Executing step: è½¬æ¢SRAæ–‡ä»¶ | Converting SRA file: ERR3184268
2025-11-13 13:15:49,424 - INFO - ğŸ“‹ å‘½ä»¤ | Command: parallel-fastq-dump --sra-id /share/org/YZWL/yzwl_lixg/project/21.é‡ç”Ÿå¤§è±†ç¾¤ä½“/01.data/raw/ç¬¬å››æ‰¹/sra/ERR3184268 --threads 80 --outdir /share/org/YZWL/yzwl_lixg/project/21.é‡ç”Ÿå¤§è±†ç¾¤ä½“/01.data/raw/ç¬¬å››æ‰¹/fastq --split-files --gzip --skip-technical
2025-11-13 13:15:49,500 - ERROR - âŒ å‘½ä»¤æ‰§è¡Œå¤±è´¥ | Command execution failed: è½¬æ¢SRAæ–‡ä»¶ | Converting SRA file: ERR3184268
2025-11-13 13:15:49,500 - ERROR - é”™è¯¯ä»£ç  | Error code: 1
2025-11-13 13:15:49,500 - ERROR - é”™è¯¯ä¿¡æ¯ | Error message: 2025-11-13 13:15:49,454 - SRR ids: ['/share/org/YZWL/yzwl_lixg/project/21.é‡ç”Ÿå¤§è±†ç¾¤ä½“/01.data/raw/ç¬¬å››æ‰¹/sra/ERR3184268']
2025-11-13 13:15:49,454 - extra args: ['--split-files', '--gzip', '--skip-technical']
2025-11-13 13:15:49,455 - tempdir: /tmp/pfd_r7ihr1tp
2025-11-13 13:15:49,455 - CMD: sra-stat --meta --quick /share/org/YZWL/yzwl_lixg/project/21.é‡ç”Ÿå¤§è±†ç¾¤ä½“/01.data/raw/ç¬¬å››æ‰¹/sra/ERR3184268
Traceback (most recent call last):
  File "/share/org/YZWL/yzwl_lixg/.local/bin/parallel-fastq-dump", line 116, in get_spot_count
    total += int(l.split('|')[2].split(':')[0])
                 ~~~~~~~~~~~~^^^
IndexError: list index out of range

During handling of the above exception, another exception occurred:

Traceback (most recent call last):
  File "/share/org/YZWL/yzwl_lixg/.local/bin/parallel-fastq-dump", line 181, in <module>
    main()
    ~~~~^^
  File "/share/org/YZWL/yzwl_lixg/.local/bin/parallel-fastq-dump", line 175, in main
    pfd(args, si, extra_args)
    ~~~^^^^^^^^^^^^^^^^^^^^^^
  File "/share/org/YZWL/yzwl_lixg/.local/bin/parallel-fastq-dump", line 49, in pfd
    n_spots = get_spot_count(srr_id)
  File "/share/org/YZWL/yzwl_lixg/.local/bin/parallel-fastq-dump", line 122, in get_spot_count
    raise IndexError(msg.format('\n'.join(txt), '\n'.join(etxt)))
IndexError: sra-stat output parsing error!
--sra-stat STDOUT--

--sra-stat STDERR--
2025-11-13T05:15:49 sra-stat.3.2.1 int: path incorrect while opening manager within database module - '/share/org/YZWL/yzwl_lixg/project/21.é‡ç”Ÿå¤§è±†ç¾¤ä½“/01.data/raw/ç¬¬å››æ‰¹/sra/ERR3184268'

2025-11-13 13:15:49,500 - ERROR - âŒ å¤±è´¥ | Failed: ERR3184268
2025-11-13 13:15:49,500 - INFO - ğŸ”„ æ€»è¿›åº¦ | Overall Progress: [3/56]
2025-11-13 13:15:49,500 - INFO - ============================================================
2025-11-13 13:15:49,500 - INFO - ğŸ“¦ å¤„ç†æ–‡ä»¶ | Processing file: ERR3184269
2025-11-13 13:15:49,500 - INFO - ============================================================
2025-11-13 13:15:49,500 - INFO - ğŸ”§ ä½¿ç”¨å·¥å…· | Using tool: parallel-fastq-dump (å¤šçº¿ç¨‹åŠ é€Ÿ) | (multi-threaded)
2025-11-13 13:15:49,500 - INFO - ğŸ§µ çº¿ç¨‹æ•° | Threads: 80
2025-11-13 13:15:49,500 - INFO - ğŸš€ æ‰§è¡Œæ­¥éª¤ | Executing step: è½¬æ¢SRAæ–‡ä»¶ | Converting SRA file: ERR3184269
2025-11-13 13:15:49,500 - INFO - ğŸ“‹ å‘½ä»¤ | Command: parallel-fastq-dump --sra-id /share/org/YZWL/yzwl_lixg/project/21.é‡ç”Ÿå¤§è±†ç¾¤ä½“/01.data/raw/ç¬¬å››æ‰¹/sra/ERR3184269 --threads 80 --outdir /share/org/YZWL/yzwl_lixg/project/21.é‡ç”Ÿå¤§è±†ç¾¤ä½“/01.data/raw/ç¬¬å››æ‰¹/fastq --split-files --gzip --skip-technical
2025-11-13 13:15:49,576 - ERROR - âŒ å‘½ä»¤æ‰§è¡Œå¤±è´¥ | Command execution failed: è½¬æ¢SRAæ–‡ä»¶ | Converting SRA file: ERR3184269
2025-11-13 13:15:49,576 - ERROR - é”™è¯¯ä»£ç  | Error code: 1
2025-11-13 13:15:49,576 - ERROR - é”™è¯¯ä¿¡æ¯ | Error message: 2025-11-13 13:15:49,530 - SRR ids: ['/share/org/YZWL/yzwl_lixg/project/21.é‡ç”Ÿå¤§è±†ç¾¤ä½“/01.data/raw/ç¬¬å››æ‰¹/sra/ERR3184269']
2025-11-13 13:15:49,530 - extra args: ['--split-files', '--gzip', '--skip-technical']
2025-11-13 13:15:49,531 - tempdir: /tmp/pfd_dshc43k2
2025-11-13 13:15:49,531 - CMD: sra-stat --meta --quick /share/org/YZWL/yzwl_lixg/project/21.é‡ç”Ÿå¤§è±†ç¾¤ä½“/01.data/raw/ç¬¬å››æ‰¹/sra/ERR3184269
Traceback (most recent call last):
  File "/share/org/YZWL/yzwl_lixg/.local/bin/parallel-fastq-dump", line 116, in get_spot_count
    total += int(l.split('|')[2].split(':')[0])
                 ~~~~~~~~~~~~^^^
IndexError: list index out of range

During handling of the above exception, another exception occurred:

Traceback (most recent call last):
  File "/share/org/YZWL/yzwl_lixg/.local/bin/parallel-fastq-dump", line 181, in <module>
    main()
    ~~~~^^
  File "/share/org/YZWL/yzwl_lixg/.local/bin/parallel-fastq-dump", line 175, in main
    pfd(args, si, extra_args)
    ~~~^^^^^^^^^^^^^^^^^^^^^^
  File "/share/org/YZWL/yzwl_lixg/.local/bin/parallel-fastq-dump", line 49, in pfd
    n_spots = get_spot_count(srr_id)
  File "/share/org/YZWL/yzwl_lixg/.local/bin/parallel-fastq-dump", line 122, in get_spot_count
    raise IndexError(msg.format('\n'.join(txt), '\n'.join(etxt)))
IndexError: sra-stat output parsing error!
--sra-stat STDOUT--

--sra-stat STDERR--
2025-11-13T05:15:49 sra-stat.3.2.1 int: path incorrect while opening manager within database module - '/share/org/YZWL/yzwl_lixg/project/21.é‡ç”Ÿå¤§è±†ç¾¤ä½“/01.data/raw/ç¬¬å››æ‰¹/sra/ERR3184269'

2025-11-13 13:15:49,576 - ERROR - âŒ å¤±è´¥ | Failed: ERR3184269
2025-11-13 13:15:49,576 - INFO - ğŸ”„ æ€»è¿›åº¦ | Overall Progress: [4/56]
2025-11-13 13:15:49,576 - INFO - ============================================================
2025-11-13 13:15:49,576 - INFO - ğŸ“¦ å¤„ç†æ–‡ä»¶ | Processing file: ERR3184300
2025-11-13 13:15:49,576 - INFO - ============================================================
2025-11-13 13:15:49,576 - INFO - ğŸ”§ ä½¿ç”¨å·¥å…· | Using tool: parallel-fastq-dump (å¤šçº¿ç¨‹åŠ é€Ÿ) | (multi-threaded)
2025-11-13 13:15:49,576 - INFO - ğŸ§µ çº¿ç¨‹æ•° | Threads: 80
2025-11-13 13:15:49,576 - INFO - ğŸš€ æ‰§è¡Œæ­¥éª¤ | Executing step: è½¬æ¢SRAæ–‡ä»¶ | Converting SRA file: ERR3184300
2025-11-13 13:15:49,576 - INFO - ğŸ“‹ å‘½ä»¤ | Command: parallel-fastq-dump --sra-id /share/org/YZWL/yzwl_lixg/project/21.é‡ç”Ÿå¤§è±†ç¾¤ä½“/01.data/raw/ç¬¬å››æ‰¹/sra/ERR3184300 --threads 80 --outdir /share/org/YZWL/yzwl_lixg/project/21.é‡ç”Ÿå¤§è±†ç¾¤ä½“/01.data/raw/ç¬¬å››æ‰¹/fastq --split-files --gzip --skip-technical
2025-11-13 13:15:49,666 - ERROR - âŒ å‘½ä»¤æ‰§è¡Œå¤±è´¥ | Command execution failed: è½¬æ¢SRAæ–‡ä»¶ | Converting SRA file: ERR3184300
2025-11-13 13:15:49,666 - ERROR - é”™è¯¯ä»£ç  | Error code: 1
2025-11-13 13:15:49,666 - ERROR - é”™è¯¯ä¿¡æ¯ | Error message: 2025-11-13 13:15:49,607 - SRR ids: ['/share/org/YZWL/yzwl_lixg/project/21.é‡ç”Ÿå¤§è±†ç¾¤ä½“/01.data/raw/ç¬¬å››æ‰¹/sra/ERR3184300']
2025-11-13 13:15:49,607 - extra args: ['--split-files', '--gzip', '--skip-technical']
2025-11-13 13:15:49,607 - tempdir: /tmp/pfd_kez2mmtg
2025-11-13 13:15:49,607 - CMD: sra-stat --meta --quick /share/org/YZWL/yzwl_lixg/project/21.é‡ç”Ÿå¤§è±†ç¾¤ä½“/01.data/raw/ç¬¬å››æ‰¹/sra/ERR3184300
Traceback (most recent call last):
  File "/share/org/YZWL/yzwl_lixg/.local/bin/parallel-fastq-dump", line 116, in get_spot_count
    total += int(l.split('|')[2].split(':')[0])
                 ~~~~~~~~~~~~^^^
IndexError: list index out of range

During handling of the above exception, another exception occurred:

Traceback (most recent call last):
  File "/share/org/YZWL/yzwl_lixg/.local/bin/parallel-fastq-dump", line 181, in <module>
    main()
    ~~~~^^
  File "/share/org/YZWL/yzwl_lixg/.local/bin/parallel-fastq-dump", line 175, in main
    pfd(args, si, extra_args)
    ~~~^^^^^^^^^^^^^^^^^^^^^^
  File "/share/org/YZWL/yzwl_lixg/.local/bin/parallel-fastq-dump", line 49, in pfd
    n_spots = get_spot_count(srr_id)
  File "/share/org/YZWL/yzwl_lixg/.local/bin/parallel-fastq-dump", line 122, in get_spot_count
    raise IndexError(msg.format('\n'.join(txt), '\n'.join(etxt)))
IndexError: sra-stat output parsing error!
--sra-stat STDOUT--

--sra-stat STDERR--
2025-11-13T05:15:49 sra-stat.3.2.1 int: path incorrect while opening manager within database module - '/share/org/YZWL/yzwl_lixg/project/21.é‡ç”Ÿå¤§è±†ç¾¤ä½“/01.data/raw/ç¬¬å››æ‰¹/sra/ERR3184300'

2025-11-13 13:15:49,666 - ERROR - âŒ å¤±è´¥ | Failed: ERR3184300
2025-11-13 13:15:49,666 - INFO - ğŸ”„ æ€»è¿›åº¦ | Overall Progress: [5/56]
2025-11-13 13:15:49,666 - INFO - ============================================================
2025-11-13 13:15:49,666 - INFO - ğŸ“¦ å¤„ç†æ–‡ä»¶ | Processing file: ERR3184301
2025-11-13 13:15:49,666 - INFO - ============================================================
2025-11-13 13:15:49,666 - INFO - ğŸ”§ ä½¿ç”¨å·¥å…· | Using tool: parallel-fastq-dump (å¤šçº¿ç¨‹åŠ é€Ÿ) | (multi-threaded)
2025-11-13 13:15:49,666 - INFO - ğŸ§µ çº¿ç¨‹æ•° | Threads: 80
2025-11-13 13:15:49,666 - INFO - ğŸš€ æ‰§è¡Œæ­¥éª¤ | Executing step: è½¬æ¢SRAæ–‡ä»¶ | Converting SRA file: ERR3184301
2025-11-13 13:15:49,666 - INFO - ğŸ“‹ å‘½ä»¤ | Command: parallel-fastq-dump --sra-id /share/org/YZWL/yzwl_lixg/project/21.é‡ç”Ÿå¤§è±†ç¾¤ä½“/01.data/raw/ç¬¬å››æ‰¹/sra/ERR3184301 --threads 80 --outdir /share/org/YZWL/yzwl_lixg/project/21.é‡ç”Ÿå¤§è±†ç¾¤ä½“/01.data/raw/ç¬¬å››æ‰¹/fastq --split-files --gzip --skip-technical
2025-11-13 13:15:49,740 - ERROR - âŒ å‘½ä»¤æ‰§è¡Œå¤±è´¥ | Command execution failed: è½¬æ¢SRAæ–‡ä»¶ | Converting SRA file: ERR3184301
2025-11-13 13:15:49,740 - ERROR - é”™è¯¯ä»£ç  | Error code: 1
2025-11-13 13:15:49,741 - ERROR - é”™è¯¯ä¿¡æ¯ | Error message: 2025-11-13 13:15:49,696 - SRR ids: ['/share/org/YZWL/yzwl_lixg/project/21.é‡ç”Ÿå¤§è±†ç¾¤ä½“/01.data/raw/ç¬¬å››æ‰¹/sra/ERR3184301']
2025-11-13 13:15:49,697 - extra args: ['--split-files', '--gzip', '--skip-technical']
2025-11-13 13:15:49,697 - tempdir: /tmp/pfd_ca20oqu7
2025-11-13 13:15:49,697 - CMD: sra-stat --meta --quick /share/org/YZWL/yzwl_lixg/project/21.é‡ç”Ÿå¤§è±†ç¾¤ä½“/01.data/raw/ç¬¬å››æ‰¹/sra/ERR3184301
Traceback (most recent call last):
  File "/share/org/YZWL/yzwl_lixg/.local/bin/parallel-fastq-dump", line 116, in get_spot_count
    total += int(l.split('|')[2].split(':')[0])
                 ~~~~~~~~~~~~^^^
IndexError: list index out of range

During handling of the above exception, another exception occurred:

Traceback (most recent call last):
  File "/share/org/YZWL/yzwl_lixg/.local/bin/parallel-fastq-dump", line 181, in <module>
    main()
    ~~~~^^
  File "/share/org/YZWL/yzwl_lixg/.local/bin/parallel-fastq-dump", line 175, in main
    pfd(args, si, extra_args)
    ~~~^^^^^^^^^^^^^^^^^^^^^^
  File "/share/org/YZWL/yzwl_lixg/.local/bin/parallel-fastq-dump", line 49, in pfd
    n_spots = get_spot_count(srr_id)
  File "/share/org/YZWL/yzwl_lixg/.local/bin/parallel-fastq-dump", line 122, in get_spot_count
    raise IndexError(msg.format('\n'.join(txt), '\n'.join(etxt)))
IndexError: sra-stat output parsing error!
--sra-stat STDOUT--

--sra-stat STDERR--
2025-11-13T05:15:49 sra-stat.3.2.1 int: path incorrect while opening manager within database module - '/share/org/YZWL/yzwl_lixg/project/21.é‡ç”Ÿå¤§è±†ç¾¤ä½“/01.data/raw/ç¬¬å››æ‰¹/sra/ERR3184301'

2025-11-13 13:15:49,741 - ERROR - âŒ å¤±è´¥ | Failed: ERR3184301
2025-11-13 13:15:49,741 - INFO - ğŸ”„ æ€»è¿›åº¦ | Overall Progress: [6/56]
2025-11-13 13:15:49,741 - INFO - ============================================================
2025-11-13 13:15:49,741 - INFO - ğŸ“¦ å¤„ç†æ–‡ä»¶ | Processing file: ERR3184302
2025-11-13 13:15:49,741 - INFO - ============================================================
2025-11-13 13:15:49,741 - INFO - ğŸ”§ ä½¿ç”¨å·¥å…· | Using tool: parallel-fastq-dump (å¤šçº¿ç¨‹åŠ é€Ÿ) | (multi-threaded)
2025-11-13 13:15:49,741 - INFO - ğŸ§µ çº¿ç¨‹æ•° | Threads: 80
2025-11-13 13:15:49,741 - INFO - ğŸš€ æ‰§è¡Œæ­¥éª¤ | Executing step: è½¬æ¢SRAæ–‡ä»¶ | Converting SRA file: ERR3184302
2025-11-13 13:15:49,741 - INFO - ğŸ“‹ å‘½ä»¤ | Command: parallel-fastq-dump --sra-id /share/org/YZWL/yzwl_lixg/project/21.é‡ç”Ÿå¤§è±†ç¾¤ä½“/01.data/raw/ç¬¬å››æ‰¹/sra/ERR3184302 --threads 80 --outdir /share/org/YZWL/yzwl_lixg/project/21.é‡ç”Ÿå¤§è±†ç¾¤ä½“/01.data/raw/ç¬¬å››æ‰¹/fastq --split-files --gzip --skip-technical
2025-11-13 13:15:49,814 - ERROR - âŒ å‘½ä»¤æ‰§è¡Œå¤±è´¥ | Command execution failed: è½¬æ¢SRAæ–‡ä»¶ | Converting SRA file: ERR3184302
2025-11-13 13:15:49,814 - ERROR - é”™è¯¯ä»£ç  | Error code: 1
2025-11-13 13:15:49,814 - ERROR - é”™è¯¯ä¿¡æ¯ | Error message: 2025-11-13 13:15:49,771 - SRR ids: ['/share/org/YZWL/yzwl_lixg/project/21.é‡ç”Ÿå¤§è±†ç¾¤ä½“/01.data/raw/ç¬¬å››æ‰¹/sra/ERR3184302']
2025-11-13 13:15:49,771 - extra args: ['--split-files', '--gzip', '--skip-technical']
2025-11-13 13:15:49,771 - tempdir: /tmp/pfd_wt80tedf
2025-11-13 13:15:49,771 - CMD: sra-stat --meta --quick /share/org/YZWL/yzwl_lixg/project/21.é‡ç”Ÿå¤§è±†ç¾¤ä½“/01.data/raw/ç¬¬å››æ‰¹/sra/ERR3184302
Traceback (most recent call last):
  File "/share/org/YZWL/yzwl_lixg/.local/bin/parallel-fastq-dump", line 116, in get_spot_count
    total += int(l.split('|')[2].split(':')[0])
                 ~~~~~~~~~~~~^^^
IndexError: list index out of range

During handling of the above exception, another exception occurred:

Traceback (most recent call last):
  File "/share/org/YZWL/yzwl_lixg/.local/bin/parallel-fastq-dump", line 181, in <module>
    main()
    ~~~~^^
  File "/share/org/YZWL/yzwl_lixg/.local/bin/parallel-fastq-dump", line 175, in main
    pfd(args, si, extra_args)
    ~~~^^^^^^^^^^^^^^^^^^^^^^
  File "/share/org/YZWL/yzwl_lixg/.local/bin/parallel-fastq-dump", line 49, in pfd
    n_spots = get_spot_count(srr_id)
  File "/share/org/YZWL/yzwl_lixg/.local/bin/parallel-fastq-dump", line 122, in get_spot_count
    raise IndexError(msg.format('\n'.join(txt), '\n'.join(etxt)))
IndexError: sra-stat output parsing error!
--sra-stat STDOUT--

--sra-stat STDERR--
2025-11-13T05:15:49 sra-stat.3.2.1 int: path incorrect while opening manager within database module - '/share/org/YZWL/yzwl_lixg/project/21.é‡ç”Ÿå¤§è±†ç¾¤ä½“/01.data/raw/ç¬¬å››æ‰¹/sra/ERR3184302'

2025-11-13 13:15:49,814 - ERROR - âŒ å¤±è´¥ | Failed: ERR3184302
2025-11-13 13:15:49,814 - INFO - ğŸ”„ æ€»è¿›åº¦ | Overall Progress: [7/56]
2025-11-13 13:15:49,814 - INFO - ============================================================
2025-11-13 13:15:49,814 - INFO - ğŸ“¦ å¤„ç†æ–‡ä»¶ | Processing file: ERR3184319
2025-11-13 13:15:49,814 - INFO - ============================================================
2025-11-13 13:15:49,814 - INFO - ğŸ”§ ä½¿ç”¨å·¥å…· | Using tool: parallel-fastq-dump (å¤šçº¿ç¨‹åŠ é€Ÿ) | (multi-threaded)
2025-11-13 13:15:49,814 - INFO - ğŸ§µ çº¿ç¨‹æ•° | Threads: 80
2025-11-13 13:15:49,814 - INFO - ğŸš€ æ‰§è¡Œæ­¥éª¤ | Executing step: è½¬æ¢SRAæ–‡ä»¶ | Converting SRA file: ERR3184319
2025-11-13 13:15:49,814 - INFO - ğŸ“‹ å‘½ä»¤ | Command: parallel-fastq-dump --sra-id /share/org/YZWL/yzwl_lixg/project/21.é‡ç”Ÿå¤§è±†ç¾¤ä½“/01.data/raw/ç¬¬å››æ‰¹/sra/ERR3184319 --threads 80 --outdir /share/org/YZWL/yzwl_lixg/project/21.é‡ç”Ÿå¤§è±†ç¾¤ä½“/01.data/raw/ç¬¬å››æ‰¹/fastq --split-files --gzip --skip-technical
2025-11-13 13:17:00,764 - INFO - âœ… å‘½ä»¤æ‰§è¡ŒæˆåŠŸ | Command executed successfully
2025-11-13 13:17:00,765 - INFO - âœ… å®Œæˆ | Completed: ERR3184319
2025-11-13 13:17:00,765 - INFO - ğŸ”„ æ€»è¿›åº¦ | Overall Progress: [8/56]
2025-11-13 13:17:00,766 - INFO - ============================================================
2025-11-13 13:17:00,766 - INFO - ğŸ“¦ å¤„ç†æ–‡ä»¶ | Processing file: ERR3184320
2025-11-13 13:17:00,766 - INFO - ============================================================
2025-11-13 13:17:00,766 - INFO - ğŸ”§ ä½¿ç”¨å·¥å…· | Using tool: parallel-fastq-dump (å¤šçº¿ç¨‹åŠ é€Ÿ) | (multi-threaded)
2025-11-13 13:17:00,766 - INFO - ğŸ§µ çº¿ç¨‹æ•° | Threads: 80
2025-11-13 13:17:00,766 - INFO - ğŸš€ æ‰§è¡Œæ­¥éª¤ | Executing step: è½¬æ¢SRAæ–‡ä»¶ | Converting SRA file: ERR3184320
2025-11-13 13:17:00,766 - INFO - ğŸ“‹ å‘½ä»¤ | Command: parallel-fastq-dump --sra-id /share/org/YZWL/yzwl_lixg/project/21.é‡ç”Ÿå¤§è±†ç¾¤ä½“/01.data/raw/ç¬¬å››æ‰¹/sra/ERR3184320 --threads 80 --outdir /share/org/YZWL/yzwl_lixg/project/21.é‡ç”Ÿå¤§è±†ç¾¤ä½“/01.data/raw/ç¬¬å››æ‰¹/fastq --split-files --gzip --skip-technical
